Component: ARM Compiler 5.06 update 7 (build 960) Tool: armlink [4d3601]

==============================================================================

Section Cross References

    startup_stm32f10x_md.o(RESET) refers to startup_stm32f10x_md.o(STACK) for __initial_sp
    startup_stm32f10x_md.o(RESET) refers to startup_stm32f10x_md.o(.text) for Reset_Handler
    startup_stm32f10x_md.o(RESET) refers to stm32f10x_it.o(i.NMI_Handler) for NMI_Handler
    startup_stm32f10x_md.o(RESET) refers to stm32f10x_it.o(i.HardFault_Handler) for HardFault_Handler
    startup_stm32f10x_md.o(RESET) refers to stm32f10x_it.o(i.MemManage_Handler) for MemManage_Handler
    startup_stm32f10x_md.o(RESET) refers to stm32f10x_it.o(i.BusFault_Handler) for BusFault_Handler
    startup_stm32f10x_md.o(RESET) refers to stm32f10x_it.o(i.UsageFault_Handler) for UsageFault_Handler
    startup_stm32f10x_md.o(RESET) refers to port.o(.emb_text) for SVC_Handler
    startup_stm32f10x_md.o(RESET) refers to stm32f10x_it.o(i.DebugMon_Handler) for DebugMon_Handler
    startup_stm32f10x_md.o(RESET) refers to port.o(i.SysTick_Handler) for SysTick_Handler
    startup_stm32f10x_md.o(RESET) refers to serial.o(i.USART1_IRQHandler) for USART1_IRQHandler
    startup_stm32f10x_md.o(RESET) refers to button.o(i.EXTI15_10_IRQHandler) for EXTI15_10_IRQHandler
    startup_stm32f10x_md.o(.text) refers to system_stm32f10x.o(i.SystemInit) for SystemInit
    startup_stm32f10x_md.o(.text) refers to entry.o(.ARM.Collect$$$$00000000) for __main
    system_stm32f10x.o(i.SetSysClock) refers to system_stm32f10x.o(i.SetSysClockTo72) for SetSysClockTo72
    system_stm32f10x.o(i.SystemCoreClockUpdate) refers to system_stm32f10x.o(.data) for .data
    system_stm32f10x.o(i.SystemInit) refers to system_stm32f10x.o(i.SetSysClock) for SetSysClock
    stm32f10x_adc.o(i.ADC_DeInit) refers to stm32f10x_rcc.o(i.RCC_APB2PeriphResetCmd) for RCC_APB2PeriphResetCmd
    stm32f10x_bkp.o(i.BKP_DeInit) refers to stm32f10x_rcc.o(i.RCC_BackupResetCmd) for RCC_BackupResetCmd
    stm32f10x_can.o(i.CAN_DeInit) refers to stm32f10x_rcc.o(i.RCC_APB1PeriphResetCmd) for RCC_APB1PeriphResetCmd
    stm32f10x_can.o(i.CAN_GetITStatus) refers to stm32f10x_can.o(i.CheckITStatus) for CheckITStatus
    stm32f10x_cec.o(i.CEC_DeInit) refers to stm32f10x_rcc.o(i.RCC_APB1PeriphResetCmd) for RCC_APB1PeriphResetCmd
    stm32f10x_dac.o(i.DAC_DeInit) refers to stm32f10x_rcc.o(i.RCC_APB1PeriphResetCmd) for RCC_APB1PeriphResetCmd
    stm32f10x_flash.o(i.FLASH_EnableWriteProtection) refers to stm32f10x_flash.o(i.FLASH_WaitForLastOperation) for FLASH_WaitForLastOperation
    stm32f10x_flash.o(i.FLASH_EraseAllBank1Pages) refers to stm32f10x_flash.o(i.FLASH_WaitForLastBank1Operation) for FLASH_WaitForLastBank1Operation
    stm32f10x_flash.o(i.FLASH_EraseAllPages) refers to stm32f10x_flash.o(i.FLASH_WaitForLastOperation) for FLASH_WaitForLastOperation
    stm32f10x_flash.o(i.FLASH_EraseOptionBytes) refers to stm32f10x_flash.o(i.FLASH_GetReadOutProtectionStatus) for FLASH_GetReadOutProtectionStatus
    stm32f10x_flash.o(i.FLASH_EraseOptionBytes) refers to stm32f10x_flash.o(i.FLASH_WaitForLastOperation) for FLASH_WaitForLastOperation
    stm32f10x_flash.o(i.FLASH_ErasePage) refers to stm32f10x_flash.o(i.FLASH_WaitForLastOperation) for FLASH_WaitForLastOperation
    stm32f10x_flash.o(i.FLASH_ProgramHalfWord) refers to stm32f10x_flash.o(i.FLASH_WaitForLastOperation) for FLASH_WaitForLastOperation
    stm32f10x_flash.o(i.FLASH_ProgramOptionByteData) refers to stm32f10x_flash.o(i.FLASH_WaitForLastOperation) for FLASH_WaitForLastOperation
    stm32f10x_flash.o(i.FLASH_ProgramWord) refers to stm32f10x_flash.o(i.FLASH_WaitForLastOperation) for FLASH_WaitForLastOperation
    stm32f10x_flash.o(i.FLASH_ReadOutProtection) refers to stm32f10x_flash.o(i.FLASH_WaitForLastOperation) for FLASH_WaitForLastOperation
    stm32f10x_flash.o(i.FLASH_UserOptionByteConfig) refers to stm32f10x_flash.o(i.FLASH_WaitForLastOperation) for FLASH_WaitForLastOperation
    stm32f10x_flash.o(i.FLASH_WaitForLastBank1Operation) refers to stm32f10x_flash.o(i.FLASH_GetBank1Status) for FLASH_GetBank1Status
    stm32f10x_flash.o(i.FLASH_WaitForLastOperation) refers to stm32f10x_flash.o(i.FLASH_GetBank1Status) for FLASH_GetBank1Status
    stm32f10x_gpio.o(i.GPIO_AFIODeInit) refers to stm32f10x_rcc.o(i.RCC_APB2PeriphResetCmd) for RCC_APB2PeriphResetCmd
    stm32f10x_gpio.o(i.GPIO_DeInit) refers to stm32f10x_rcc.o(i.RCC_APB2PeriphResetCmd) for RCC_APB2PeriphResetCmd
    stm32f10x_i2c.o(i.I2C_DeInit) refers to stm32f10x_rcc.o(i.RCC_APB1PeriphResetCmd) for RCC_APB1PeriphResetCmd
    stm32f10x_i2c.o(i.I2C_Init) refers to stm32f10x_rcc.o(i.RCC_GetClocksFreq) for RCC_GetClocksFreq
    stm32f10x_pwr.o(i.PWR_DeInit) refers to stm32f10x_rcc.o(i.RCC_APB1PeriphResetCmd) for RCC_APB1PeriphResetCmd
    stm32f10x_rcc.o(i.RCC_GetClocksFreq) refers to stm32f10x_rcc.o(.data) for .data
[...]
    Removing stm32f10x_tim.o(i.TIM_ForcedOC2Config), (20 bytes).
    Removing stm32f10x_tim.o(i.TIM_ForcedOC3Config), (12 bytes).
    Removing stm32f10x_tim.o(i.TIM_ForcedOC4Config), (20 bytes).
    Removing stm32f10x_tim.o(i.TIM_GenerateEvent), (4 bytes).
    Removing stm32f10x_tim.o(i.TIM_GetCapture1), (4 bytes).
    Removing stm32f10x_tim.o(i.TIM_GetCapture2), (4 bytes).
    Removing stm32f10x_tim.o(i.TIM_GetCapture3), (4 bytes).
    Removing stm32f10x_tim.o(i.TIM_GetCapture4), (6 bytes).
    Removing stm32f10x_tim.o(i.TIM_GetCounter), (4 bytes).
    Removing stm32f10x_tim.o(i.TIM_GetFlagStatus), (14 bytes).
    Removing stm32f10x_tim.o(i.TIM_GetITStatus), (24 bytes).
    Removing stm32f10x_tim.o(i.TIM_GetPrescaler), (4 bytes).
    Removing stm32f10x_tim.o(i.TIM_ICInit), (140 bytes).
    Removing stm32f10x_tim.o(i.TIM_ICStructInit), (16 bytes).
    Removing stm32f10x_tim.o(i.TIM_ITConfig), (20 bytes).
    Removing stm32f10x_tim.o(i.TIM_ITRxExternalClockConfig), (20 bytes).
    Removing stm32f10x_tim.o(i.TIM_InternalClockConfig), (10 bytes).
    Removing stm32f10x_tim.o(i.TIM_OC1FastConfig), (12 bytes).
    Removing stm32f10x_tim.o(i.TIM_OC1Init), (136 bytes).
    Removing stm32f10x_tim.o(i.TIM_OC1NPolarityConfig), (12 bytes).
    Removing stm32f10x_tim.o(i.TIM_OC1PolarityConfig), (12 bytes).
    Removing stm32f10x_tim.o(i.TIM_OC1PreloadConfig), (12 bytes).
    Removing stm32f10x_tim.o(i.TIM_OC2FastConfig), (20 bytes).
    Removing stm32f10x_tim.o(i.TIM_OC2Init), (136 bytes).
    Removing stm32f10x_tim.o(i.TIM_OC2NPolarityConfig), (20 bytes).
    Removing stm32f10x_tim.o(i.TIM_OC2PolarityConfig), (20 bytes).
    Removing stm32f10x_tim.o(i.TIM_OC2PreloadConfig), (20 bytes).
    Removing stm32f10x_tim.o(i.TIM_OC3FastConfig), (12 bytes).
    Removing stm32f10x_tim.o(i.TIM_OC3Init), (132 bytes).
    Removing stm32f10x_tim.o(i.TIM_OC3NPolarityConfig), (20 bytes).
    Removing stm32f10x_tim.o(i.TIM_OC3PolarityConfig), (20 bytes).
    Removing stm32f10x_tim.o(i.TIM_OC3PreloadConfig), (12 bytes).
    Removing stm32f10x_tim.o(i.TIM_OC4FastConfig), (20 bytes).
    Removing stm32f10x_tim.o(i.TIM_OC4Init), (104 bytes).
    Removing stm32f10x_tim.o(i.TIM_OC4PolarityConfig), (20 bytes).
    Removing stm32f10x_tim.o(i.TIM_OC4PreloadConfig), (20 bytes).
    Removing stm32f10x_tim.o(i.TIM_OCStructInit), (20 bytes).
    Removing stm32f10x_tim.o(i.TIM_PWMIConfig), (110 bytes).
    Removing stm32f10x_tim.o(i.TIM_PrescalerConfig), (6 bytes).
    Removing stm32f10x_tim.o(i.TIM_SelectCCDMA), (24 bytes).
    Removing stm32f10x_tim.o(i.TIM_SelectCOM), (24 bytes).
    Removing stm32f10x_tim.o(i.TIM_SelectHallSensor), (24 bytes).
    Removing stm32f10x_tim.o(i.TIM_SelectInputTrigger), (12 bytes).
    Removing stm32f10x_tim.o(i.TIM_SelectMasterSlaveMode), (16 bytes).
    Removing stm32f10x_tim.o(i.TIM_SelectOCxM), (76 bytes).
    Removing stm32f10x_tim.o(i.TIM_SelectOnePulseMode), (16 bytes).
    Removing stm32f10x_tim.o(i.TIM_SelectOutputTrigger), (16 bytes).
    Removing stm32f10x_tim.o(i.TIM_SelectSlaveMode), (16 bytes).
    Removing stm32f10x_tim.o(i.TIM_SetAutoreload), (4 bytes).
    Removing stm32f10x_tim.o(i.TIM_SetClockDivision), (16 bytes).
    Removing stm32f10x_tim.o(i.TIM_SetCompare1), (4 bytes).
    Removing stm32f10x_tim.o(i.TIM_SetCompare2), (4 bytes).
    Removing stm32f10x_tim.o(i.TIM_SetCompare3), (4 bytes).
    Removing stm32f10x_tim.o(i.TIM_SetCompare4), (6 bytes).
    Removing stm32f10x_tim.o(i.TIM_SetCounter), (4 bytes).
    Removing stm32f10x_tim.o(i.TIM_SetIC1Prescaler), (16 bytes).
    Removing stm32f10x_tim.o(i.TIM_SetIC2Prescaler), (24 bytes).
    Removing stm32f10x_tim.o(i.TIM_SetIC3Prescaler), (16 bytes).
    Removing stm32f10x_tim.o(i.TIM_SetIC4Prescaler), (24 bytes).
    Removing stm32f10x_tim.o(i.TIM_TIxExternalClockConfig), (48 bytes).
    Removing stm32f10x_tim.o(i.TIM_TimeBaseInit), (156 bytes).
    Removing stm32f10x_tim.o(i.TIM_TimeBaseStructInit), (18 bytes).
    Removing stm32f10x_tim.o(i.TIM_UpdateDisableConfig), (24 bytes).
    Removing stm32f10x_tim.o(i.TIM_UpdateRequestConfig), (24 bytes).
    Removing stm32f10x_usart.o(i.USART_ClearFlag), (8 bytes).
    Removing stm32f10x_usart.o(i.USART_ClearITPendingBit), (16 bytes).
    Removing stm32f10x_usart.o(i.USART_ClockStructInit), (12 bytes).
    Removing stm32f10x_usart.o(i.USART_DMACmd), (20 bytes).
    Removing stm32f10x_usart.o(i.USART_DeInit), (164 bytes).
    Removing stm32f10x_usart.o(i.USART_GetFlagStatus), (14 bytes).
    Removing stm32f10x_usart.o(i.USART_HalfDuplexCmd), (24 bytes).
    Removing stm32f10x_usart.o(i.USART_IrDACmd), (24 bytes).
    Removing stm32f10x_usart.o(i.USART_IrDAConfig), (16 bytes).
    Removing stm32f10x_usart.o(i.USART_LINBreakDetectLengthConfig), (16 bytes).
    Removing stm32f10x_usart.o(i.USART_LINCmd), (24 bytes).
    Removing stm32f10x_usart.o(i.USART_OneBitMethodCmd), (24 bytes).
    Removing stm32f10x_usart.o(i.USART_OverSampling8Cmd), (24 bytes).
    Removing stm32f10x_usart.o(i.USART_ReceiverWakeUpCmd), (24 bytes).
    Removing stm32f10x_usart.o(i.USART_SendBreak), (10 bytes).
    Removing stm32f10x_usart.o(i.USART_SetAddress), (16 bytes).
    Removing stm32f10x_usart.o(i.USART_SetGuardTime), (16 bytes).
    Removing stm32f10x_usart.o(i.USART_SetPrescaler), (16 bytes).
    Removing stm32f10x_usart.o(i.USART_SmartCardCmd), (24 bytes).
    Removing stm32f10x_usart.o(i.USART_SmartCardNACKCmd), (24 bytes).
    Removing stm32f10x_usart.o(i.USART_StructInit), (22 bytes).
    Removing stm32f10x_usart.o(i.USART_WakeUpConfig), (16 bytes).
    Removing stm32f10x_wwdg.o(i.WWDG_ClearFlag), (12 bytes).
    Removing stm32f10x_wwdg.o(i.WWDG_DeInit), (24 bytes).
    Removing stm32f10x_wwdg.o(i.WWDG_Enable), (16 bytes).
    Removing stm32f10x_wwdg.o(i.WWDG_EnableIT), (12 bytes).
    Removing stm32f10x_wwdg.o(i.WWDG_GetFlagStatus), (12 bytes).
    Removing stm32f10x_wwdg.o(i.WWDG_SetCounter), (16 bytes).
    Removing stm32f10x_wwdg.o(i.WWDG_SetPrescaler), (20 bytes).
    Removing stm32f10x_wwdg.o(i.WWDG_SetWindowValue), (32 bytes).
    Removing button.o(i.Button_Get), (12 bytes).
    Removing button.o(i.button_init), (112 bytes).
    Removing oled.o(i.Delay_1ms), (20 bytes).
    Removing oled.o(i.Delay_50ms), (24 bytes).
    Removing oled.o(i.IIC_Start), (52 bytes).
    Removing oled.o(i.IIC_Stop), (40 bytes).
    Removing oled.o(i.IIC_Wait_Ack), (32 bytes).
    Removing oled.o(i.OLED_Clear), (60 bytes).
    Removing oled.o(i.OLED_Display_Off), (30 bytes).
    Removing oled.o(i.OLED_Display_On), (30 bytes).
    Removing oled.o(i.OLED_DrawBMP), (68 bytes).
    Removing oled.o(i.OLED_Init), (276 bytes).
    Removing oled.o(i.OLED_On), (58 bytes).
    Removing oled.o(i.OLED_Set_Pos), (40 bytes).
    Removing oled.o(i.OLED_ShowCHinese), (92 bytes).
    Removing oled.o(i.OLED_ShowChar), (144 bytes).
    Removing oled.o(i.OLED_ShowNum), (112 bytes).
    Removing oled.o(i.OLED_ShowString), (54 bytes).
    Removing oled.o(i.OLED_WR_Byte), (16 bytes).
    Removing oled.o(i.Write_IIC_Byte), (88 bytes).
    Removing oled.o(i.Write_IIC_Command), (46 bytes).
    Removing oled.o(i.Write_IIC_Data), (46 bytes).
    Removing oled.o(i.fill_picture), (60 bytes).
    Removing oled.o(i.oled_pow), (16 bytes).
    Removing oled.o(.constdata), (2072 bytes).
    Removing oled.o(.data), (384 bytes).
    Removing delay.o(i.delay_init), (60 bytes).
    Removing delay.o(i.delay_s), (24 bytes).
    Removing delay.o(i.delay_us), (52 bytes).
    Removing sys.o(i.NVIC_Configuration), (8 bytes).
    Removing usart.o(i.USART_User_Init), (168 bytes).
    Removing usart.o(i.Usart_SendByte), (24 bytes).
    Removing usart.o(i.Usart_SendString), (38 bytes).
    Removing main.o(i.start_task), (96 bytes).
    Removing main.o(i.task1_task), (52 bytes).
    Removing main.o(i.task2_task), (40 bytes).
    Removing main.o(.conststring), (38 bytes).
    Removing main.o(.data), (20 bytes).
    Removing event_groups.o(i.prvTestWaitCondition), (24 bytes).
    Removing event_groups.o(i.uxEventGroupGetNumber), (12 bytes).
    Removing event_groups.o(i.vEventGroupClearBitsCallback), (4 bytes).
    Removing event_groups.o(i.vEventGroupDelete), (44 bytes).
    Removing event_groups.o(i.vEventGroupSetBitsCallback), (4 bytes).
    Removing event_groups.o(i.vEventGroupSetNumber), (4 bytes).
    Removing event_groups.o(i.xEventGroupClearBits), (26 bytes).
    Removing event_groups.o(i.xEventGroupCreate), (26 bytes).
    Removing event_groups.o(i.xEventGroupGetBitsFromISR), (26 bytes).
    Removing event_groups.o(i.xEventGroupSetBits), (118 bytes).
    Removing event_groups.o(i.xEventGroupSync), (136 bytes).
    Removing event_groups.o(i.xEventGroupWaitBits), (188 bytes).
    Removing list.o(i.vListInsertEnd), (24 bytes).
    Removing queue.o(i.ucQueueGetQueueType), (6 bytes).
    Removing queue.o(i.uxQueueGetQueueNumber), (4 bytes).
    Removing queue.o(i.uxQueueMessagesWaiting), (18 bytes).
    Removing queue.o(i.uxQueueMessagesWaitingFromISR), (4 bytes).
    Removing queue.o(i.uxQueueSpacesAvailable), (22 bytes).
    Removing queue.o(i.vQueueDelete), (4 bytes).
    Removing queue.o(i.vQueueSetQueueNumber), (4 bytes).
    Removing queue.o(i.xQueueGiveFromISR), (102 bytes).
    Removing queue.o(i.xQueueIsQueueEmptyFromISR), (14 bytes).
    Removing queue.o(i.xQueueIsQueueFullFromISR), (16 bytes).
    Removing queue.o(i.xQueuePeek), (240 bytes).
    Removing queue.o(i.xQueuePeekFromISR), (50 bytes).
    Removing stream_buffer.o(i.prvBytesInBuffer), (18 bytes).
    Removing stream_buffer.o(i.prvInitialiseNewStreamBuffer), (38 bytes).
    Removing stream_buffer.o(i.prvReadBytesFromBuffer), (64 bytes).
    Removing stream_buffer.o(i.prvReadMessageFromBuffer), (72 bytes).
    Removing stream_buffer.o(i.prvWriteBytesToBuffer), (64 bytes).
    Removing stream_buffer.o(i.prvWriteMessageToBuffer), (70 bytes).
    Removing stream_buffer.o(i.ucStreamBufferGetStreamBufferType), (8 bytes).
    Removing stream_buffer.o(i.uxStreamBufferGetStreamBufferNumber), (4 bytes).
    Removing stream_buffer.o(i.vStreamBufferDelete), (16 bytes).
    Removing stream_buffer.o(i.vStreamBufferSetStreamBufferNumber), (4 bytes).
    Removing stream_buffer.o(i.xStreamBufferBytesAvailable), (4 bytes).
    Removing stream_buffer.o(i.xStreamBufferGenericCreate), (80 bytes).
    Removing stream_buffer.o(i.xStreamBufferIsEmpty), (16 bytes).
    Removing stream_buffer.o(i.xStreamBufferIsFull), (30 bytes).
    Removing stream_buffer.o(i.xStreamBufferNextMessageLengthBytes), (44 bytes).
    Removing stream_buffer.o(i.xStreamBufferReceive), (172 bytes).
    Removing stream_buffer.o(i.xStreamBufferReceiveCompletedFromISR), (60 bytes).
    Removing stream_buffer.o(i.xStreamBufferReceiveFromISR), (110 bytes).
    Removing stream_buffer.o(i.xStreamBufferReset), (58 bytes).
    Removing stream_buffer.o(i.xStreamBufferSend), (200 bytes).
    Removing stream_buffer.o(i.xStreamBufferSendCompletedFromISR), (60 bytes).
    Removing stream_buffer.o(i.xStreamBufferSendFromISR), (116 bytes).
    Removing stream_buffer.o(i.xStreamBufferSetTriggerLevel), (22 bytes).
    Removing stream_buffer.o(i.xStreamBufferSpacesAvailable), (32 bytes).
    Removing tasks.o(i.pcTaskGetName), (16 bytes).
    Removing tasks.o(i.prvTaskIsTaskSuspended), (32 bytes).
    Removing tasks.o(i.ulTaskGenericNotifyTake), (132 bytes).
    Removing tasks.o(i.ulTaskGenericNotifyValueClear), (48 bytes).
    Removing tasks.o(i.uxTaskGetTaskNumber), (12 bytes).
    Removing tasks.o(i.uxTaskPriorityGet), (28 bytes).
    Removing tasks.o(i.uxTaskPriorityGetFromISR), (40 bytes).
    Removing tasks.o(i.uxTaskResetEventItemValue), (24 bytes).
    Removing tasks.o(i.vTaskDelay), (52 bytes).
    Removing tasks.o(i.vTaskDelete), (156 bytes).
    Removing tasks.o(i.vTaskEndScheduler), (28 bytes).
    Removing tasks.o(i.vTaskGenericNotifyGiveFromISR), (232 bytes).
    Removing tasks.o(i.vTaskPlaceOnUnorderedEventList), (64 bytes).
    Removing tasks.o(i.vTaskPrioritySet), (216 bytes).
    Removing tasks.o(i.vTaskRemoveFromUnorderedEventList), (164 bytes).
    Removing tasks.o(i.vTaskResume), (148 bytes).
    Removing tasks.o(i.vTaskSetTaskNumber), (8 bytes).
    Removing tasks.o(i.vTaskSetTimeOutState), (32 bytes).
    Removing tasks.o(i.vTaskSuspend), (176 bytes).
    Removing tasks.o(i.xTaskCatchUpTicks), (36 bytes).
    Removing tasks.o(i.xTaskDelayUntil), (92 bytes).
    Removing tasks.o(i.xTaskGenericNotify), (248 bytes).
    Removing tasks.o(i.xTaskGenericNotifyFromISR), (336 bytes).
    Removing tasks.o(i.xTaskGenericNotifyStateClear), (56 bytes).
    Removing tasks.o(i.xTaskGenericNotifyWait), (168 bytes).
    Removing tasks.o(i.xTaskGetCurrentTaskHandle), (12 bytes).
    Removing tasks.o(i.xTaskGetTickCount), (12 bytes).
    Removing tasks.o(i.xTaskGetTickCountFromISR), (12 bytes).
    Removing tasks.o(i.xTaskResumeFromISR), (168 bytes).
    Removing heap_4.o(i.pvPortCalloc), (42 bytes).
    Removing heap_4.o(i.vPortGetHeapStats), (112 bytes).
    Removing heap_4.o(i.vPortInitialiseBlocks), (2 bytes).
    Removing heap_4.o(i.xPortGetFreeHeapSize), (12 bytes).
    Removing heap_4.o(i.xPortGetMinimumEverFreeHeapSize), (12 bytes).
    Removing port.o(i.vPortEndScheduler), (2 bytes).
    Removing serial.o(i.vSerialClose), (2 bytes).
    Removing uartcommandconsole.o(i.vOutputString), (60 bytes).
    Removing dadd.o(.text), (334 bytes).
    Removing dmul.o(.text), (228 bytes).
    Removing ddiv.o(.text), (222 bytes).
    Removing dfixul.o(.text), (48 bytes).
    Removing cdrcmple.o(.text), (48 bytes).
    Removing depilogue.o(.text), (186 bytes).

591 unused section(s) (total 27072 bytes) removed from the image.

==============================================================================

Image Symbol Table

    Local Symbols

    Symbol Name                              Value     Ov Type        Size  Object(Section)

    ../clib/microlib/division.c              0x00000000   Number         0  uidiv.o ABSOLUTE
    ../clib/microlib/division.c              0x00000000   Number         0  uldiv.o ABSOLUTE
    ../clib/microlib/init/entry.s            0x00000000   Number         0  entry11a.o ABSOLUTE
    ../clib/microlib/init/entry.s            0x00000000   Number         0  entry10a.o ABSOLUTE
    ../clib/microlib/init/entry.s            0x00000000   Number         0  entry9b.o ABSOLUTE
    ../clib/microlib/init/entry.s            0x00000000   Number         0  entry9a.o ABSOLUTE
    ../clib/microlib/init/entry.s            0x00000000   Number         0  entry5.o ABSOLUTE
    ../clib/microlib/init/entry.s            0x00000000   Number         0  entry10b.o ABSOLUTE
    ../clib/microlib/init/entry.s            0x00000000   Number         0  entry.o ABSOLUTE
    ../clib/microlib/init/entry.s            0x00000000   Number         0  entry8b.o ABSOLUTE
    ../clib/microlib/init/entry.s            0x00000000   Number         0  entry8a.o ABSOLUTE
    ../clib/microlib/init/entry.s            0x00000000   Number         0  entry7b.o ABSOLUTE
    ../clib/microlib/init/entry.s            0x00000000   Number         0  entry7a.o ABSOLUTE
    ../clib/microlib/init/entry.s            0x00000000   Number         0  entry2.o ABSOLUTE
    ../clib/microlib/init/entry.s            0x00000000   Number         0  entry12b.o ABSOLUTE
    ../clib/microlib/init/entry.s            0x00000000   Number         0  entry12a.o ABSOLUTE
    ../clib/microlib/init/entry.s            0x00000000   Number         0  entry11b.o ABSOLUTE
    ../clib/microlib/longlong.c              0x00000000   Number         0  llshl.o ABSOLUTE
    ../clib/microlib/longlong.c              0x00000000   Number         0  llushr.o ABSOLUTE
    ../clib/microlib/longlong.c              0x00000000   Number         0  llsshr.o ABSOLUTE
    ../clib/microlib/printf/printf.c         0x00000000   Number         0  printf4.o ABSOLUTE
    ../clib/microlib/printf/printf.c         0x00000000   Number         0  printfb.o ABSOLUTE
    ../clib/microlib/printf/printf.c         0x00000000   Number         0  printf0.o ABSOLUTE
    ../clib/microlib/printf/printf.c         0x00000000   Number         0  printf1.o ABSOLUTE
    ../clib/microlib/printf/printf.c         0x00000000   Number         0  printf2.o ABSOLUTE
    ../clib/microlib/printf/printf.c         0x00000000   Number         0  printf3.o ABSOLUTE
    ../clib/microlib/printf/printf.c         0x00000000   Number         0  printf5.o ABSOLUTE
    ../clib/microlib/printf/printf.c         0x00000000   Number         0  printf6.o ABSOLUTE
    ../clib/microlib/printf/printf.c         0x00000000   Number         0  printf7.o ABSOLUTE
    ../clib/microlib/printf/printf.c         0x00000000   Number         0  printf8.o ABSOLUTE
    ../clib/microlib/printf/printf.c         0x00000000   Number         0  printfa.o ABSOLUTE
    ../clib/microlib/printf/stubs.s          0x00000000   Number         0  stubs.o ABSOLUTE
    ../clib/microlib/stdio/fputc.c           0x00000000   Number         0  fputc.o ABSOLUTE
    ../clib/microlib/stdio/semi.s            0x00000000   Number         0  semi.o ABSOLUTE
    ../clib/microlib/stdio/streams.c         0x00000000   Number         0  stdout.o ABSOLUTE
    ../clib/microlib/string/memcpy.c         0x00000000   Number         0  memcpyb.o ABSOLUTE
    ../clib/microlib/string/memcpy.c         0x00000000   Number         0  memcpya.o ABSOLUTE
    ../clib/microlib/string/memset.c         0x00000000   Number         0  memseta.o ABSOLUTE
    ../clib/microlib/string/strcpy.c         0x00000000   Number         0  strcpy.o ABSOLUTE
    ../clib/microlib/string/strlen.c         0x00000000   Number         0  strlen.o ABSOLUTE
    ../clib/microlib/string/strncat.c        0x00000000   Number         0  strncat.o ABSOLUTE
    ../clib/microlib/string/strncmp.c        0x00000000   Number         0  strncmp.o ABSOLUTE
    ../clib/microlib/string/strncpy.c        0x00000000   Number         0  strncpy.o ABSOLUTE
    ../clib/microlib/stubs.s                 0x00000000   Number         0  iusefp.o ABSOLUTE
    ../clib/microlib/stubs.s                 0x00000000   Number         0  iusesemip.o ABSOLUTE
    ../fplib/microlib/fpadd.c                0x00000000   Number         0  dadd.o ABSOLUTE
    ../fplib/microlib/fpdiv.c                0x00000000   Number         0  ddiv.o ABSOLUTE
    ../fplib/microlib/fpepilogue.c           0x00000000   Number         0  depilogue.o ABSOLUTE
    ../fplib/microlib/fpfix.c                0x00000000   Number         0  dfixul.o ABSOLUTE
    ../fplib/microlib/fpmul.c                0x00000000   Number         0  dmul.o ABSOLUTE
    ..\CMSIS\core_cm3.c                      0x00000000   Number         0  core_cm3.o ABSOLUTE
    ..\CMSIS\startup_stm32f10x_md.s          0x00000000   Number         0  startup_stm32f10x_md.o ABSOLUTE
    ..\CMSIS\system_stm32f10x.c              0x00000000   Number         0  system_stm32f10x.o ABSOLUTE
    ..\FreeRTOS-CLI\FreeRTOS_CLI.c           0x00000000   Number         0  freertos_cli.o ABSOLUTE
    ..\FreeRTOS-CLI\Sample-CLI-commands.c    0x00000000   Number         0  sample-cli-commands.o ABSOLUTE
    ..\FreeRTOS-CLI\UARTCommandConsole.c     0x00000000   Number         0  uartcommandconsole.o ABSOLUTE
    ..\FreeRTOS-CLI\serial.c                 0x00000000   Number         0  serial.o ABSOLUTE
    ..\FreeRTOS\port\MemMang\heap_4.c        0x00000000   Number         0  heap_4.o ABSOLUTE
    ..\FreeRTOS\port\RVDS\ARM_CM3\port.c     0x00000000   Number         0  port.o ABSOLUTE
    ..\FreeRTOS\src\croutine.c               0x00000000   Number         0  croutine.o ABSOLUTE
    ..\FreeRTOS\src\event_groups.c           0x00000000   Number         0  event_groups.o ABSOLUTE
    ..\FreeRTOS\src\list.c                   0x00000000   Number         0  list.o ABSOLUTE
    ..\FreeRTOS\src\queue.c                  0x00000000   Number         0  queue.o ABSOLUTE
    ..\FreeRTOS\src\stream_buffer.c          0x00000000   Number         0  stream_buffer.o ABSOLUTE
    ..\FreeRTOS\src\tasks.c                  0x00000000   Number         0  tasks.o ABSOLUTE
    ..\FreeRTOS\src\timers.c                 0x00000000   Number         0  timers.o ABSOLUTE
    ..\Hardware\button.c                     0x00000000   Number         0  button.o ABSOLUTE
    ..\Hardware\oled.c                       0x00000000   Number         0  oled.o ABSOLUTE
    ..\Library\src\misc.c                    0x00000000   Number         0  misc.o ABSOLUTE
    ..\Library\src\stm32f10x_adc.c           0x00000000   Number         0  stm32f10x_adc.o ABSOLUTE
    ..\Library\src\stm32f10x_bkp.c           0x00000000   Number         0  stm32f10x_bkp.o ABSOLUTE
    ..\Library\src\stm32f10x_can.c           0x00000000   Number         0  stm32f10x_can.o ABSOLUTE
    ..\Library\src\stm32f10x_cec.c           0x00000000   Number         0  stm32f10x_cec.o ABSOLUTE
    ..\Library\src\stm32f10x_crc.c           0x00000000   Number         0  stm32f10x_crc.o ABSOLUTE
    ..\Library\src\stm32f10x_dac.c           0x00000000   Number         0  stm32f10x_dac.o ABSOLUTE
    ..\Library\src\stm32f10x_dbgmcu.c        0x00000000   Number         0  stm32f10x_dbgmcu.o ABSOLUTE
    ..\Library\src\stm32f10x_dma.c           0x00000000   Number         0  stm32f10x_dma.o ABSOLUTE
    ..\Library\src\stm32f10x_exti.c          0x00000000   Number         0  stm32f10x_exti.o ABSOLUTE
    ..\Library\src\stm32f10x_flash.c         0x00000000   Number         0  stm32f10x_flash.o ABSOLUTE
    ..\Library\src\stm32f10x_fsmc.c          0x00000000   Number         0  stm32f10x_fsmc.o ABSOLUTE
    ..\Library\src\stm32f10x_gpio.c          0x00000000   Number         0  stm32f10x_gpio.o ABSOLUTE
    ..\Library\src\stm32f10x_i2c.c           0x00000000   Number         0  stm32f10x_i2c.o ABSOLUTE
    ..\Library\src\stm32f10x_iwdg.c          0x00000000   Number         0  stm32f10x_iwdg.o ABSOLUTE
    ..\Library\src\stm32f10x_pwr.c           0x00000000   Number         0  stm32f10x_pwr.o ABSOLUTE
    ..\Library\src\stm32f10x_rcc.c           0x00000000   Number         0  stm32f10x_rcc.o ABSOLUTE
    ..\Library\src\stm32f10x_rtc.c           0x00000000   Number         0  stm32f10x_rtc.o ABSOLUTE
    ..\Library\src\stm32f10x_sdio.c          0x00000000   Number         0  stm32f10x_sdio.o ABSOLUTE
    ..\Library\src\stm32f10x_spi.c           0x00000000   Number         0  stm32f10x_spi.o ABSOLUTE
    ..\Library\src\stm32f10x_tim.c           0x00000000   Number         0  stm32f10x_tim.o ABSOLUTE
    ..\Library\src\stm32f10x_usart.c         0x00000000   Number         0  stm32f10x_usart.o ABSOLUTE
    ..\Library\src\stm32f10x_wwdg.c          0x00000000   Number         0  stm32f10x_wwdg.o ABSOLUTE
    ..\System\delay.c                        0x00000000   Number         0  delay.o ABSOLUTE
    ..\System\sys.c                          0x00000000   Number         0  sys.o ABSOLUTE
    ..\System\usart.c                        0x00000000   Number         0  usart.o ABSOLUTE
    ..\\CMSIS\\core_cm3.c                    0x00000000   Number         0  core_cm3.o ABSOLUTE
    ..\\FreeRTOS\\port\\RVDS\\ARM_CM3\\port.c 0x00000000   Number         0  port.o ABSOLUTE
    cdrcmple.s                               0x00000000   Number         0  cdrcmple.o ABSOLUTE
    dc.s                                     0x00000000   Number         0  dc.o ABSOLUTE
    handlers.s                               0x00000000   Number         0  handlers.o ABSOLUTE
    init.s                                   0x00000000   Number         0  init.o ABSOLUTE
    main.c                                   0x00000000   Number         0  main.o ABSOLUTE
    stm32f10x_it.c                           0x00000000   Number         0  stm32f10x_it.o ABSOLUTE
    RESET                                    0x08000000   Section      236  startup_stm32f10x_md.o(RESET)
    .ARM.Collect$$$$00000000                 0x080000ec   Section        0  entry.o(.ARM.Collect$$$$00000000)
    .ARM.Collect$$$$00000001                 0x080000ec   Section        4  entry2.o(.ARM.Collect$$$$00000001)
    .ARM.Collect$$$$00000004                 0x080000f0   Section        4  entry5.o(.ARM.Collect$$$$00000004)
    .ARM.Collect$$$$00000008                 0x080000f4   Section        0  entry7b.o(.ARM.Collect$$$$00000008)
    .ARM.Collect$$$$0000000A                 0x080000f4   Section        0  entry8b.o(.ARM.Collect$$$$0000000A)
    .ARM.Collect$$$$0000000B                 0x080000f4   Section        8  entry9a.o(.ARM.Collect$$$$0000000B)
    .ARM.Collect$$$$0000000E                 0x080000fc   Section        4  entry12b.o(.ARM.Collect$$$$0000000E)
    .ARM.Collect$$$$0000000F                 0x08000100   Section        0  entry10a.o(.ARM.Collect$$$$0000000F)
    .ARM.Collect$$$$00000011                 0x08000100   Section        0  entry11a.o(.ARM.Collect$$$$00000011)
    .ARM.Collect$$$$00002712                 0x08000100   Section        4  entry2.o(.ARM.Collect$$$$00002712)
    __lit__00000000                          0x08000100   Data           4  entry2.o(.ARM.Collect$$$$00002712)
    .emb_text                                0x08000104   Section      150  port.o(.emb_text)
    .text                                    0x0800019c   Section       36  startup_stm32f10x_md.o(.text)
    .text                                    0x080001c0   Section        0  memcpya.o(.text)
    .text                                    0x080001e4   Section        0  memseta.o(.text)
    .text                                    0x08000208   Section        0  strncpy.o(.text)
    .text                                    0x08000220   Section        0  strlen.o(.text)
    .text                                    0x0800022e   Section        0  strncat.o(.text)
    .text                                    0x08000256   Section        0  strcpy.o(.text)
    .text                                    0x08000268   Section        0  strncmp.o(.text)
    .text                                    0x08000286   Section        0  uidiv.o(.text)
    .text                                    0x080002b4   Section       36  init.o(.text)
    i.BusFault_Handler                       0x080002d8   Section        0  stm32f10x_it.o(i.BusFault_Handler)
    i.DebugMon_Handler                       0x080002da   Section        0  stm32f10x_it.o(i.DebugMon_Handler)
    i.EXTI15_10_IRQHandler                   0x080002dc   Section        0  button.o(i.EXTI15_10_IRQHandler)
    i.EXTI_ClearITPendingBit                 0x0800030c   Section        0  stm32f10x_exti.o(i.EXTI_ClearITPendingBit)
    i.EXTI_GetITStatus                       0x08000318   Section        0  stm32f10x_exti.o(i.EXTI_GetITStatus)
    i.FreeRTOS_CLIGetOutputBuffer            0x08000338   Section        0  freertos_cli.o(i.FreeRTOS_CLIGetOutputBuffer)
    i.FreeRTOS_CLIGetParameter               0x08000340   Section        0  freertos_cli.o(i.FreeRTOS_CLIGetParameter)
    i.FreeRTOS_CLIProcessCommand             0x08000390   Section        0  freertos_cli.o(i.FreeRTOS_CLIProcessCommand)
    i.FreeRTOS_CLIRegisterCommand            0x08000450   Section        0  freertos_cli.o(i.FreeRTOS_CLIRegisterCommand)
    i.GPIO_Init                              0x08000480   Section        0  stm32f10x_gpio.o(i.GPIO_Init)
    i.HardFault_Handler                      0x08000526   Section        0  stm32f10x_it.o(i.HardFault_Handler)
    i.MemManage_Handler                      0x08000528   Section        0  stm32f10x_it.o(i.MemManage_Handler)
    i.NMI_Handler                            0x0800052a   Section        0  stm32f10x_it.o(i.NMI_Handler)
    i.NVIC_Init                              0x0800052c   Section        0  misc.o(i.NVIC_Init)
    i.NVIC_PriorityGroupConfig               0x08000590   Section        0  misc.o(i.NVIC_PriorityGroupConfig)
    i.RCC_APB2PeriphClockCmd                 0x080005a4   Section        0  stm32f10x_rcc.o(i.RCC_APB2PeriphClockCmd)
    i.RCC_GetClocksFreq                      0x080005c0   Section        0  stm32f10x_rcc.o(i.RCC_GetClocksFreq)
    i.SetSysClock                            0x0800066c   Section        0  system_stm32f10x.o(i.SetSysClock)
    SetSysClock                              0x0800066d   Thumb Code     4  system_stm32f10x.o(i.SetSysClock)
    i.SetSysClockTo72                        0x08000670   Section        0  system_stm32f10x.o(i.SetSysClockTo72)
    SetSysClockTo72                          0x08000671   Thumb Code   166  system_stm32f10x.o(i.SetSysClockTo72)
    i.SysTick_CLKSourceConfig                0x08000720   Section        0  misc.o(i.SysTick_CLKSourceConfig)
    i.SysTick_Handler                        0x0800073c   Section        0  port.o(i.SysTick_Handler)
    i.SystemInit                             0x08000768   Section        0  system_stm32f10x.o(i.SystemInit)
    i.USART1_IRQHandler                      0x080007b8   Section        0  serial.o(i.USART1_IRQHandler)
    i.USART_ClockInit                        0x08000840   Section        0  stm32f10x_usart.o(i.USART_ClockInit)
    i.USART_Cmd                              0x0800085e   Section        0  stm32f10x_usart.o(i.USART_Cmd)
    i.USART_GetITStatus                      0x08000876   Section        0  stm32f10x_usart.o(i.USART_GetITStatus)
    i.USART_ITConfig                         0x080008b6   Section        0  stm32f10x_usart.o(i.USART_ITConfig)
    i.USART_Init                             0x080008ec   Section        0  stm32f10x_usart.o(i.USART_Init)
    i.USART_ReceiveData                      0x080009a8   Section        0  stm32f10x_usart.o(i.USART_ReceiveData)
    i.USART_SendData                         0x080009b0   Section        0  stm32f10x_usart.o(i.USART_SendData)
    i.UsageFault_Handler                     0x080009b8   Section        0  stm32f10x_it.o(i.UsageFault_Handler)
    i.__0sprintf$3                           0x080009bc   Section        0  printf3.o(i.__0sprintf$3)
    i.__scatterload_copy                     0x080009e4   Section       14  handlers.o(i.__scatterload_copy)
    i.__scatterload_null                     0x080009f2   Section        2  handlers.o(i.__scatterload_null)
    i.__scatterload_zeroinit                 0x080009f4   Section       14  handlers.o(i.__scatterload_zeroinit)
    i._printf_core                           0x08000a04   Section        0  printf3.o(i._printf_core)
    _printf_core                             0x08000a05   Thumb Code   436  printf3.o(i._printf_core)
    i._sputc                                 0x08000bbc   Section        0  printf3.o(i._sputc)
    _sputc                                   0x08000bbd   Thumb Code    10  printf3.o(i._sputc)
    i.delay_ms                               0x08000bc8   Section        0  delay.o(i.delay_ms)
    i.eTaskGetState                          0x08000bfc   Section        0  tasks.o(i.eTaskGetState)
    i.main                                   0x08000c6c   Section        0  main.o(i.main)
    i.prvAddCurrentTaskToDelayedList         0x08000c90   Section        0  tasks.o(i.prvAddCurrentTaskToDelayedList)
    prvAddCurrentTaskToDelayedList           0x08000c91   Thumb Code   130  tasks.o(i.prvAddCurrentTaskToDelayedList)
    i.prvAddNewTaskToReadyList               0x08000d1c   Section        0  tasks.o(i.prvAddNewTaskToReadyList)
    prvAddNewTaskToReadyList                 0x08000d1d   Thumb Code   158  tasks.o(i.prvAddNewTaskToReadyList)
    i.prvCheckTasksWaitingTermination        0x08000dc8   Section        0  tasks.o(i.prvCheckTasksWaitingTermination)
    prvCheckTasksWaitingTermination          0x08000dc9   Thumb Code    52  tasks.o(i.prvCheckTasksWaitingTermination)
    i.prvCopyDataFromQueue                   0x08000e04   Section        0  queue.o(i.prvCopyDataFromQueue)
    prvCopyDataFromQueue                     0x08000e05   Thumb Code    40  queue.o(i.prvCopyDataFromQueue)
    i.prvCopyDataToQueue                     0x08000e2c   Section        0  queue.o(i.prvCopyDataToQueue)
    prvCopyDataToQueue                       0x08000e2d   Thumb Code   110  queue.o(i.prvCopyDataToQueue)
    i.prvDeleteTCB                           0x08000e9a   Section        0  tasks.o(i.prvDeleteTCB)
    prvDeleteTCB                             0x08000e9b   Thumb Code    20  tasks.o(i.prvDeleteTCB)
    i.prvGetDisinheritPriorityAfterTimeout   0x08000eae   Section        0  queue.o(i.prvGetDisinheritPriorityAfterTimeout)
    prvGetDisinheritPriorityAfterTimeout     0x08000eaf   Thumb Code    20  queue.o(i.prvGetDisinheritPriorityAfterTimeout)
    i.prvGetNumberOfParameters               0x08000ec2   Section        0  freertos_cli.o(i.prvGetNumberOfParameters)
    prvGetNumberOfParameters                 0x08000ec3   Thumb Code    44  freertos_cli.o(i.prvGetNumberOfParameters)
    i.prvHeapInit                            0x08000ef0   Section        0  heap_4.o(i.prvHeapInit)
    prvHeapInit                              0x08000ef1   Thumb Code    62  heap_4.o(i.prvHeapInit)
    i.prvHelpCommand                         0x08000f38   Section        0  freertos_cli.o(i.prvHelpCommand)
    prvHelpCommand                           0x08000f39   Thumb Code    44  freertos_cli.o(i.prvHelpCommand)
    i.prvIdleTask                            0x08000f68   Section        0  tasks.o(i.prvIdleTask)
    prvIdleTask                              0x08000f69   Thumb Code    30  tasks.o(i.prvIdleTask)
    i.prvInitialiseMutex                     0x08000f90   Section        0  queue.o(i.prvInitialiseMutex)
    prvInitialiseMutex                       0x08000f91   Thumb Code    24  queue.o(i.prvInitialiseMutex)
    i.prvInitialiseNewQueue                  0x08000fa8   Section        0  queue.o(i.prvInitialiseNewQueue)
    prvInitialiseNewQueue                    0x08000fa9   Thumb Code    34  queue.o(i.prvInitialiseNewQueue)
    i.prvInitialiseNewTask                   0x08000fca   Section        0  tasks.o(i.prvInitialiseNewTask)
    prvInitialiseNewTask                     0x08000fcb   Thumb Code   128  tasks.o(i.prvInitialiseNewTask)
    i.prvInitialiseTaskLists                 0x0800104c   Section        0  tasks.o(i.prvInitialiseTaskLists)
    prvInitialiseTaskLists                   0x0800104d   Thumb Code    78  tasks.o(i.prvInitialiseTaskLists)
    i.prvInsertBlockIntoFreeList             0x080010a4   Section        0  heap_4.o(i.prvInsertBlockIntoFreeList)
    prvInsertBlockIntoFreeList               0x080010a5   Thumb Code    78  heap_4.o(i.prvInsertBlockIntoFreeList)
    i.prvIsQueueEmpty                        0x080010f8   Section        0  queue.o(i.prvIsQueueEmpty)
    prvIsQueueEmpty                          0x080010f9   Thumb Code    26  queue.o(i.prvIsQueueEmpty)
    i.prvIsQueueFull                         0x08001112   Section        0  queue.o(i.prvIsQueueFull)
    prvIsQueueFull                           0x08001113   Thumb Code    30  queue.o(i.prvIsQueueFull)
    i.prvListTasksWithinSingleList           0x08001130   Section        0  tasks.o(i.prvListTasksWithinSingleList)
    prvListTasksWithinSingleList             0x08001131   Thumb Code    92  tasks.o(i.prvListTasksWithinSingleList)
    i.prvParameterEchoCommand                0x0800118c   Section        0  sample-cli-commands.o(i.prvParameterEchoCommand)
    prvParameterEchoCommand                  0x0800118d   Thumb Code    98  sample-cli-commands.o(i.prvParameterEchoCommand)
    i.prvResetNextTaskUnblockTime            0x08001218   Section        0  tasks.o(i.prvResetNextTaskUnblockTime)
    prvResetNextTaskUnblockTime              0x08001219   Thumb Code    28  tasks.o(i.prvResetNextTaskUnblockTime)
    i.prvTaskCheckFreeStackSpace             0x08001238   Section        0  tasks.o(i.prvTaskCheckFreeStackSpace)
    prvTaskCheckFreeStackSpace               0x08001239   Thumb Code    20  tasks.o(i.prvTaskCheckFreeStackSpace)
    i.prvTaskExitError                       0x0800124c   Section        0  port.o(i.prvTaskExitError)
    prvTaskExitError                         0x0800124d   Thumb Code    16  port.o(i.prvTaskExitError)
    i.prvTaskStatsCommand                    0x0800125c   Section        0  sample-cli-commands.o(i.prvTaskStatsCommand)
    prvTaskStatsCommand                      0x0800125d   Thumb Code    64  sample-cli-commands.o(i.prvTaskStatsCommand)
    i.prvThreeParameterEchoCommand           0x080012a8   Section        0  sample-cli-commands.o(i.prvThreeParameterEchoCommand)
    prvThreeParameterEchoCommand             0x080012a9   Thumb Code    98  sample-cli-commands.o(i.prvThreeParameterEchoCommand)
    i.prvUARTCommandConsoleTask              0x0800133c   Section        0  uartcommandconsole.o(i.prvUARTCommandConsoleTask)
    prvUARTCommandConsoleTask                0x0800133d   Thumb Code   254  uartcommandconsole.o(i.prvUARTCommandConsoleTask)
    i.prvUnlockQueue                         0x08001448   Section        0  queue.o(i.prvUnlockQueue)
    prvUnlockQueue                           0x08001449   Thumb Code   106  queue.o(i.prvUnlockQueue)
    i.prvWriteNameToBuffer                   0x080014b2   Section        0  tasks.o(i.prvWriteNameToBuffer)
    prvWriteNameToBuffer                     0x080014b3   Thumb Code    36  tasks.o(i.prvWriteNameToBuffer)
    i.pvPortMalloc                           0x080014d8   Section        0  heap_4.o(i.pvPortMalloc)
    i.pvTaskIncrementMutexHeldCount          0x08001578   Section        0  tasks.o(i.pvTaskIncrementMutexHeldCount)
    i.pxPortInitialiseStack                  0x08001590   Section        0  port.o(i.pxPortInitialiseStack)
    i.uxListRemove                           0x080015ac   Section        0  list.o(i.uxListRemove)
    i.uxTaskGetNumberOfTasks                 0x080015d4   Section        0  tasks.o(i.uxTaskGetNumberOfTasks)
    i.uxTaskGetSystemState                   0x080015e0   Section        0  tasks.o(i.uxTaskGetSystemState)
    i.vListInitialise                        0x08001688   Section        0  list.o(i.vListInitialise)
    i.vListInitialiseItem                    0x0800169e   Section        0  list.o(i.vListInitialiseItem)
    i.vListInsert                            0x080016a4   Section        0  list.o(i.vListInsert)
    i.vPortEnterCritical                     0x080016d4   Section        0  port.o(i.vPortEnterCritical)
    i.vPortExitCritical                      0x080016f0   Section        0  port.o(i.vPortExitCritical)
    i.vPortFree                              0x08001708   Section        0  heap_4.o(i.vPortFree)
    i.vPortSetupTimerInterrupt               0x0800174c   Section        0  port.o(i.vPortSetupTimerInterrupt)
    i.vRegisterSampleCLICommands             0x08001764   Section        0  sample-cli-commands.o(i.vRegisterSampleCLICommands)
    i.vSerialPutString                       0x08001784   Section        0  serial.o(i.vSerialPutString)
    i.vTaskGetInfo                           0x080017a0   Section        0  tasks.o(i.vTaskGetInfo)
    i.vTaskInternalSetTimeOutState           0x08001814   Section        0  tasks.o(i.vTaskInternalSetTimeOutState)
    i.vTaskList                              0x08001824   Section        0  tasks.o(i.vTaskList)
    i.vTaskMissedYield                       0x080018d0   Section        0  tasks.o(i.vTaskMissedYield)
    i.vTaskPlaceOnEventList                  0x080018dc   Section        0  tasks.o(i.vTaskPlaceOnEventList)
    i.vTaskPriorityDisinheritAfterTimeout    0x080018fc   Section        0  tasks.o(i.vTaskPriorityDisinheritAfterTimeout)
    i.vTaskStartScheduler                    0x08001998   Section        0  tasks.o(i.vTaskStartScheduler)
    i.vTaskSuspendAll                        0x080019e8   Section        0  tasks.o(i.vTaskSuspendAll)
    i.vTaskSwitchContext                     0x080019f8   Section        0  tasks.o(i.vTaskSwitchContext)
    i.vUARTCommandConsoleStart               0x08001a40   Section        0  uartcommandconsole.o(i.vUARTCommandConsoleStart)
    i.xPortStartScheduler                    0x08001a70   Section        0  port.o(i.xPortStartScheduler)
    i.xQueueCreateMutex                      0x08001aa0   Section        0  queue.o(i.xQueueCreateMutex)
    i.xQueueGenericCreate                    0x08001ab8   Section        0  queue.o(i.xQueueGenericCreate)
    i.xQueueGenericReset                     0x08001af8   Section        0  queue.o(i.xQueueGenericReset)
    i.xQueueGenericSend                      0x08001b8c   Section        0  queue.o(i.xQueueGenericSend)
    i.xQueueGenericSendFromISR               0x08001c84   Section        0  queue.o(i.xQueueGenericSendFromISR)
    i.xQueueReceive                          0x08001cf4   Section        0  queue.o(i.xQueueReceive)
    i.xQueueReceiveFromISR                   0x08001de4   Section        0  queue.o(i.xQueueReceiveFromISR)
    i.xQueueSemaphoreTake                    0x08001e54   Section        0  queue.o(i.xQueueSemaphoreTake)
    i.xSerialGetChar                         0x08001f78   Section        0  serial.o(i.xSerialGetChar)
    i.xSerialPortInitMinimal                 0x08001f90   Section        0  serial.o(i.xSerialPortInitMinimal)
    i.xSerialPutChar                         0x08002080   Section        0  serial.o(i.xSerialPutChar)
    i.xTaskCheckForTimeOut                   0x080020b0   Section        0  tasks.o(i.xTaskCheckForTimeOut)
    i.xTaskCreate                            0x08002108   Section        0  tasks.o(i.xTaskCreate)
    i.xTaskIncrementTick                     0x08002170   Section        0  tasks.o(i.xTaskIncrementTick)
    i.xTaskPriorityDisinherit                0x0800228c   Section        0  tasks.o(i.xTaskPriorityDisinherit)
    i.xTaskPriorityInherit                   0x08002318   Section        0  tasks.o(i.xTaskPriorityInherit)
    i.xTaskRemoveFromEventList               0x080023cc   Section        0  tasks.o(i.xTaskRemoveFromEventList)
    i.xTaskResumeAll                         0x08002494   Section        0  tasks.o(i.xTaskResumeAll)
    .constdata                               0x080025a8   Section       16  freertos_cli.o(.constdata)
    xHelpCommand                             0x080025a8   Data          16  freertos_cli.o(.constdata)
    .constdata                               0x080025b8   Section       48  sample-cli-commands.o(.constdata)
    xTaskStats                               0x080025b8   Data          16  sample-cli-commands.o(.constdata)
    xThreeParameterEcho                      0x080025c8   Data          16  sample-cli-commands.o(.constdata)
    xParameterEcho                           0x080025d8   Data          16  sample-cli-commands.o(.constdata)
    .constdata                               0x080025e8   Section       12  uartcommandconsole.o(.constdata)
    pcWelcomeMessage                         0x080025e8   Data           4  uartcommandconsole.o(.constdata)
    pcEndOfOutputMessage                     0x080025ec   Data           4  uartcommandconsole.o(.constdata)
    pcNewLine                                0x080025f0   Data           4  uartcommandconsole.o(.constdata)
    .conststring                             0x080025f4   Section       53  freertos_cli.o(.conststring)
    .conststring                             0x0800262c   Section      168  freertos_cli.o(.conststring)
    .conststring                             0x080026d4   Section      395  sample-cli-commands.o(.conststring)
    .conststring                             0x08002860   Section      141  uartcommandconsole.o(.conststring)
    .data                                    0x20000000   Section       20  stm32f10x_rcc.o(.data)
    ADCPrescTable                            0x20000000   Data           4  stm32f10x_rcc.o(.data)
    APBAHBPrescTable                         0x20000004   Data          16  stm32f10x_rcc.o(.data)
    .data                                    0x20000014   Section        2  button.o(.data)
    .data                                    0x20000016   Section        4  delay.o(.data)
    fac_us                                   0x20000016   Data           1  delay.o(.data)
    fac_ms                                   0x20000018   Data           2  delay.o(.data)
    .data                                    0x2000001c   Section       64  tasks.o(.data)
    uxDeletedTasksWaitingCleanUp             0x20000020   Data           4  tasks.o(.data)
    uxCurrentNumberOfTasks                   0x20000024   Data           4  tasks.o(.data)
    xTickCount                               0x20000028   Data           4  tasks.o(.data)
    uxTopReadyPriority                       0x2000002c   Data           4  tasks.o(.data)
    xSchedulerRunning                        0x20000030   Data           4  tasks.o(.data)
    xPendedTicks                             0x20000034   Data           4  tasks.o(.data)
    xYieldPending                            0x20000038   Data           4  tasks.o(.data)
    xNumOfOverflows                          0x2000003c   Data           4  tasks.o(.data)
    uxTaskNumber                             0x20000040   Data           4  tasks.o(.data)
    xNextTaskUnblockTime                     0x20000044   Data           4  tasks.o(.data)
    xIdleTaskHandle                          0x20000048   Data           4  tasks.o(.data)
    uxSchedulerSuspended                     0x20000050   Data           4  tasks.o(.data)
    pxDelayedTaskList                        0x20000054   Data           4  tasks.o(.data)
    pxOverflowDelayedTaskList                0x20000058   Data           4  tasks.o(.data)
    .data                                    0x2000005c   Section       28  heap_4.o(.data)
    pxEnd                                    0x2000005c   Data           4  heap_4.o(.data)
    xFreeBytesRemaining                      0x20000060   Data           4  heap_4.o(.data)
    xMinimumEverFreeBytesRemaining           0x20000064   Data           4  heap_4.o(.data)
    xNumberOfSuccessfulAllocations           0x20000068   Data           4  heap_4.o(.data)
    xNumberOfSuccessfulFrees                 0x2000006c   Data           4  heap_4.o(.data)
    xStart                                   0x20000070   Data           8  heap_4.o(.data)
    .data                                    0x20000078   Section        4  port.o(.data)
    uxCriticalNesting                        0x20000078   Data           4  port.o(.data)
    .data                                    0x2000007c   Section       20  freertos_cli.o(.data)
    pxLastCommandInList                      0x2000007c   Data           4  freertos_cli.o(.data)
    pxCommand                                0x20000080   Data           4  freertos_cli.o(.data)
    pxCommand                                0x20000084   Data           4  freertos_cli.o(.data)
    xRegisteredCommands                      0x20000088   Data           8  freertos_cli.o(.data)
    .data                                    0x20000090   Section        8  sample-cli-commands.o(.data)
    uxParameterNumber                        0x20000090   Data           4  sample-cli-commands.o(.data)
    uxParameterNumber                        0x20000094   Data           4  sample-cli-commands.o(.data)
    .data                                    0x20000098   Section        8  serial.o(.data)
    xRxedChars                               0x20000098   Data           4  serial.o(.data)
    xCharsForTx                              0x2000009c   Data           4  serial.o(.data)
    .data                                    0x200000a0   Section        8  uartcommandconsole.o(.data)
    xTxMutex                                 0x200000a0   Data           4  uartcommandconsole.o(.data)
    xPort                                    0x200000a4   Data           4  uartcommandconsole.o(.data)
    .bss                                     0x200000a8   Section      200  tasks.o(.bss)
    pxReadyTasksLists                        0x200000a8   Data         100  tasks.o(.bss)
    xDelayedTaskList1                        0x2000010c   Data          20  tasks.o(.bss)
    xDelayedTaskList2                        0x20000120   Data          20  tasks.o(.bss)
    xPendingReadyList                        0x20000134   Data          20  tasks.o(.bss)
    xTasksWaitingTermination                 0x20000148   Data          20  tasks.o(.bss)
    xSuspendedTaskList                       0x2000015c   Data          20  tasks.o(.bss)
    .bss                                     0x20000170   Section    15360  heap_4.o(.bss)
    ucHeap                                   0x20000170   Data       15360  heap_4.o(.bss)
    .bss                                     0x20003d70   Section     1024  freertos_cli.o(.bss)
    cOutputBuffer                            0x20003d70   Data        1024  freertos_cli.o(.bss)
    .bss                                     0x20004170   Section      100  uartcommandconsole.o(.bss)
    cInputString                             0x20004170   Data          50  uartcommandconsole.o(.bss)
    cLastInputString                         0x200041a2   Data          50  uartcommandconsole.o(.bss)
    STACK                                    0x200041d8   Section     1024  startup_stm32f10x_md.o(STACK)

    Global Symbols

    Symbol Name                              Value     Ov Type        Size  Object(Section)

    BuildAttributes$$THM_ISAv4$P$D$K$B$S$PE$A:L22UL41UL21$X:L11$S22US41US21$IEEE1$IW$USESV6$~STKCKD$USESV7$~SHL$OSPACE$ROPI$EBA8$MICROLIB$REQ8$PRES8$EABIv2 0x00000000   Number         0  anon$$obj.o ABSOLUTE
    __ARM_use_no_argv                        0x00000000   Number         0  main.o ABSOLUTE
    _printf_a                                0x00000000   Number         0  stubs.o ABSOLUTE
    _printf_c                                0x00000000   Number         0  stubs.o ABSOLUTE
    _printf_charcount                        0x00000000   Number         0  stubs.o ABSOLUTE
    _printf_d                                0x00000000   Number         0  stubs.o ABSOLUTE
    _printf_e                                0x00000000   Number         0  stubs.o ABSOLUTE
    _printf_f                                0x00000000   Number         0  stubs.o ABSOLUTE
    _printf_flags                            0x00000000   Number         0  stubs.o ABSOLUTE
    _printf_fp_dec                           0x00000000   Number         0  stubs.o ABSOLUTE
    _printf_fp_hex                           0x00000000   Number         0  stubs.o ABSOLUTE
    _printf_g                                0x00000000   Number         0  stubs.o ABSOLUTE
    _printf_i                                0x00000000   Number         0  stubs.o ABSOLUTE
    _printf_int_dec                          0x00000000   Number         0  stubs.o ABSOLUTE
    _printf_l                                0x00000000   Number         0  stubs.o ABSOLUTE
    _printf_lc                               0x00000000   Number         0  stubs.o ABSOLUTE
    _printf_ll                               0x00000000   Number         0  stubs.o ABSOLUTE
    _printf_lld                              0x00000000   Number         0  stubs.o ABSOLUTE
    _printf_lli                              0x00000000   Number         0  stubs.o ABSOLUTE
    _printf_llo                              0x00000000   Number         0  stubs.o ABSOLUTE
    _printf_llu                              0x00000000   Number         0  stubs.o ABSOLUTE
    _printf_llx                              0x00000000   Number         0  stubs.o ABSOLUTE
    _printf_longlong_dec                     0x00000000   Number         0  stubs.o ABSOLUTE
    _printf_longlong_hex                     0x00000000   Number         0  stubs.o ABSOLUTE
    _printf_longlong_oct                     0x00000000   Number         0  stubs.o ABSOLUTE
    _printf_ls                               0x00000000   Number         0  stubs.o ABSOLUTE
    _printf_mbtowc                           0x00000000   Number         0  stubs.o ABSOLUTE
    _printf_n                                0x00000000   Number         0  stubs.o ABSOLUTE
    _printf_o                                0x00000000   Number         0  stubs.o ABSOLUTE
    _printf_p                                0x00000000   Number         0  stubs.o ABSOLUTE
    _printf_percent                          0x00000000   Number         0  stubs.o ABSOLUTE
    _printf_pre_padding                      0x00000000   Number         0  stubs.o ABSOLUTE
    _printf_return_value                     0x00000000   Number         0  stubs.o ABSOLUTE
    _printf_s                                0x00000000   Number         0  stubs.o ABSOLUTE
    _printf_sizespec                         0x00000000   Number         0  stubs.o ABSOLUTE
    _printf_str                              0x00000000   Number         0  stubs.o ABSOLUTE
    _printf_truncate_signed                  0x00000000   Number         0  stubs.o ABSOLUTE
    _printf_truncate_unsigned                0x00000000   Number         0  stubs.o ABSOLUTE
    _printf_u                                0x00000000   Number         0  stubs.o ABSOLUTE
    _printf_wc                               0x00000000   Number         0  stubs.o ABSOLUTE
    _printf_wctomb                           0x00000000   Number         0  stubs.o ABSOLUTE
    _printf_widthprec                        0x00000000   Number         0  stubs.o ABSOLUTE
    _printf_x                                0x00000000   Number         0  stubs.o ABSOLUTE
    __arm_fini_                               - Undefined Weak Reference
    __cpp_initialize__aeabi_                  - Undefined Weak Reference
    __cxa_finalize                            - Undefined Weak Reference
    __decompress                              - Undefined Weak Reference
    _clock_init                               - Undefined Weak Reference
    _microlib_exit                            - Undefined Weak Reference
    __Vectors_Size                           0x000000ec   Number         0  startup_stm32f10x_md.o ABSOLUTE
    __Vectors                                0x08000000   Data           4  startup_stm32f10x_md.o(RESET)
    __Vectors_End                            0x080000ec   Data           0  startup_stm32f10x_md.o(RESET)
    __main                                   0x080000ed   Thumb Code     0  entry.o(.ARM.Collect$$$$00000000)
    _main_stk                                0x080000ed   Thumb Code     0  entry2.o(.ARM.Collect$$$$00000001)
    _main_scatterload                        0x080000f1   Thumb Code     0  entry5.o(.ARM.Collect$$$$00000004)
    __main_after_scatterload                 0x080000f5   Thumb Code     0  entry5.o(.ARM.Collect$$$$00000004)
    _main_clock                              0x080000f5   Thumb Code     0  entry7b.o(.ARM.Collect$$$$00000008)
    _main_cpp_init                           0x080000f5   Thumb Code     0  entry8b.o(.ARM.Collect$$$$0000000A)
    _main_init                               0x080000f5   Thumb Code     0  entry9a.o(.ARM.Collect$$$$0000000B)
    __rt_lib_shutdown_fini                   0x080000fd   Thumb Code     0  entry12b.o(.ARM.Collect$$$$0000000E)
    __rt_final_cpp                           0x08000101   Thumb Code     0  entry10a.o(.ARM.Collect$$$$0000000F)
    __rt_final_exit                          0x08000101   Thumb Code     0  entry11a.o(.ARM.Collect$$$$00000011)
    SVC_Handler                              0x08000105   Thumb Code    32  port.o(.emb_text)
    __asm___6_port_c_39a90d8d__prvStartFirstTask 0x08000129   Thumb Code    28  port.o(.emb_text)
    PendSV_Handler                           0x08000149   Thumb Code    72  port.o(.emb_text)
    vPortGetIPSR                             0x08000195   Thumb Code     6  port.o(.emb_text)
    Reset_Handler                            0x0800019d   Thumb Code     8  startup_stm32f10x_md.o(.text)
    ADC1_2_IRQHandler                        0x080001b7   Thumb Code     0  startup_stm32f10x_md.o(.text)
    CAN1_RX1_IRQHandler                      0x080001b7   Thumb Code     0  startup_stm32f10x_md.o(.text)
    CAN1_SCE_IRQHandler                      0x080001b7   Thumb Code     0  startup_stm32f10x_md.o(.text)
    DMA1_Channel1_IRQHandler                 0x080001b7   Thumb Code     0  startup_stm32f10x_md.o(.text)
    DMA1_Channel2_IRQHandler                 0x080001b7   Thumb Code     0  startup_stm32f10x_md.o(.text)
    DMA1_Channel3_IRQHandler                 0x080001b7   Thumb Code     0  startup_stm32f10x_md.o(.text)
    DMA1_Channel4_IRQHandler                 0x080001b7   Thumb Code     0  startup_stm32f10x_md.o(.text)
    DMA1_Channel5_IRQHandler                 0x080001b7   Thumb Code     0  startup_stm32f10x_md.o(.text)
    DMA1_Channel6_IRQHandler                 0x080001b7   Thumb Code     0  startup_stm32f10x_md.o(.text)
    DMA1_Channel7_IRQHandler                 0x080001b7   Thumb Code     0  startup_stm32f10x_md.o(.text)
    EXTI0_IRQHandler                         0x080001b7   Thumb Code     0  startup_stm32f10x_md.o(.text)
    EXTI1_IRQHandler                         0x080001b7   Thumb Code     0  startup_stm32f10x_md.o(.text)
    EXTI2_IRQHandler                         0x080001b7   Thumb Code     0  startup_stm32f10x_md.o(.text)
    EXTI3_IRQHandler                         0x080001b7   Thumb Code     0  startup_stm32f10x_md.o(.text)
    EXTI4_IRQHandler                         0x080001b7   Thumb Code     0  startup_stm32f10x_md.o(.text)
    EXTI9_5_IRQHandler                       0x080001b7   Thumb Code     0  startup_stm32f10x_md.o(.text)
    FLASH_IRQHandler                         0x080001b7   Thumb Code     0  startup_stm32f10x_md.o(.text)
    I2C1_ER_IRQHandler                       0x080001b7   Thumb Code     0  startup_stm32f10x_md.o(.text)
    I2C1_EV_IRQHandler                       0x080001b7   Thumb Code     0  startup_stm32f10x_md.o(.text)
    I2C2_ER_IRQHandler                       0x080001b7   Thumb Code     0  startup_stm32f10x_md.o(.text)
    I2C2_EV_IRQHandler                       0x080001b7   Thumb Code     0  startup_stm32f10x_md.o(.text)
    PVD_IRQHandler                           0x080001b7   Thumb Code     0  startup_stm32f10x_md.o(.text)
    RCC_IRQHandler                           0x080001b7   Thumb Code     0  startup_stm32f10x_md.o(.text)
    RTCAlarm_IRQHandler                      0x080001b7   Thumb Code     0  startup_stm32f10x_md.o(.text)
    RTC_IRQHandler                           0x080001b7   Thumb Code     0  startup_stm32f10x_md.o(.text)
    SPI1_IRQHandler                          0x080001b7   Thumb Code     0  startup_stm32f10x_md.o(.text)
    SPI2_IRQHandler                          0x080001b7   Thumb Code     0  startup_stm32f10x_md.o(.text)
    TAMPER_IRQHandler                        0x080001b7   Thumb Code     0  startup_stm32f10x_md.o(.text)
    TIM1_BRK_IRQHandler                      0x080001b7   Thumb Code     0  startup_stm32f10x_md.o(.text)
    TIM1_CC_IRQHandler                       0x080001b7   Thumb Code     0  startup_stm32f10x_md.o(.text)
    TIM1_TRG_COM_IRQHandler                  0x080001b7   Thumb Code     0  startup_stm32f10x_md.o(.text)
    TIM1_UP_IRQHandler                       0x080001b7   Thumb Code     0  startup_stm32f10x_md.o(.text)
    TIM2_IRQHandler                          0x080001b7   Thumb Code     0  startup_stm32f10x_md.o(.text)
    TIM3_IRQHandler                          0x080001b7   Thumb Code     0  startup_stm32f10x_md.o(.text)
    TIM4_IRQHandler                          0x080001b7   Thumb Code     0  startup_stm32f10x_md.o(.text)
    USART2_IRQHandler                        0x080001b7   Thumb Code     0  startup_stm32f10x_md.o(.text)
    USART3_IRQHandler                        0x080001b7   Thumb Code     0  startup_stm32f10x_md.o(.text)
    USBWakeUp_IRQHandler                     0x080001b7   Thumb Code     0  startup_stm32f10x_md.o(.text)
    USB_HP_CAN1_TX_IRQHandler                0x080001b7   Thumb Code     0  startup_stm32f10x_md.o(.text)
    USB_LP_CAN1_RX0_IRQHandler               0x080001b7   Thumb Code     0  startup_stm32f10x_md.o(.text)
    WWDG_IRQHandler                          0x080001b7   Thumb Code     0  startup_stm32f10x_md.o(.text)
    __aeabi_memcpy                           0x080001c1   Thumb Code    36  memcpya.o(.text)
    __aeabi_memcpy4                          0x080001c1   Thumb Code     0  memcpya.o(.text)
    __aeabi_memcpy8                          0x080001c1   Thumb Code     0  memcpya.o(.text)
    __aeabi_memset                           0x080001e5   Thumb Code    14  memseta.o(.text)
    __aeabi_memset4                          0x080001e5   Thumb Code     0  memseta.o(.text)
    __aeabi_memset8                          0x080001e5   Thumb Code     0  memseta.o(.text)
    __aeabi_memclr                           0x080001f3   Thumb Code     4  memseta.o(.text)
    __aeabi_memclr4                          0x080001f3   Thumb Code     0  memseta.o(.text)
    __aeabi_memclr8                          0x080001f3   Thumb Code     0  memseta.o(.text)
    _memset$wrapper                          0x080001f7   Thumb Code    18  memseta.o(.text)
    strncpy                                  0x08000209   Thumb Code    24  strncpy.o(.text)
    strlen                                   0x08000221   Thumb Code    14  strlen.o(.text)
    strncat                                  0x0800022f   Thumb Code    40  strncat.o(.text)
    strcpy                                   0x08000257   Thumb Code    18  strcpy.o(.text)
    strncmp                                  0x08000269   Thumb Code    30  strncmp.o(.text)
    __aeabi_uidiv                            0x08000287   Thumb Code     0  uidiv.o(.text)
    __aeabi_uidivmod                         0x08000287   Thumb Code    44  uidiv.o(.text)
    __scatterload                            0x080002b5   Thumb Code    28  init.o(.text)
    __scatterload_rt2                        0x080002b5   Thumb Code     0  init.o(.text)
    BusFault_Handler                         0x080002d9   Thumb Code     2  stm32f10x_it.o(i.BusFault_Handler)
    DebugMon_Handler                         0x080002db   Thumb Code     2  stm32f10x_it.o(i.DebugMon_Handler)
    EXTI15_10_IRQHandler                     0x080002dd   Thumb Code    44  button.o(i.EXTI15_10_IRQHandler)
    EXTI_ClearITPendingBit                   0x0800030d   Thumb Code     6  stm32f10x_exti.o(i.EXTI_ClearITPendingBit)
    EXTI_GetITStatus                         0x08000319   Thumb Code    28  stm32f10x_exti.o(i.EXTI_GetITStatus)
    FreeRTOS_CLIGetOutputBuffer              0x08000339   Thumb Code     4  freertos_cli.o(i.FreeRTOS_CLIGetOutputBuffer)
    FreeRTOS_CLIGetParameter                 0x08000341   Thumb Code    80  freertos_cli.o(i.FreeRTOS_CLIGetParameter)
    FreeRTOS_CLIProcessCommand               0x08000391   Thumb Code   178  freertos_cli.o(i.FreeRTOS_CLIProcessCommand)
    FreeRTOS_CLIRegisterCommand              0x08000451   Thumb Code    44  freertos_cli.o(i.FreeRTOS_CLIRegisterCommand)
    GPIO_Init                                0x08000481   Thumb Code   166  stm32f10x_gpio.o(i.GPIO_Init)
    HardFault_Handler                        0x08000527   Thumb Code     2  stm32f10x_it.o(i.HardFault_Handler)
    MemManage_Handler                        0x08000529   Thumb Code     2  stm32f10x_it.o(i.MemManage_Handler)
    NMI_Handler                              0x0800052b   Thumb Code     2  stm32f10x_it.o(i.NMI_Handler)
    NVIC_Init                                0x0800052d   Thumb Code    96  misc.o(i.NVIC_Init)
    NVIC_PriorityGroupConfig                 0x08000591   Thumb Code    10  misc.o(i.NVIC_PriorityGroupConfig)
    RCC_APB2PeriphClockCmd                   0x080005a5   Thumb Code    22  stm32f10x_rcc.o(i.RCC_APB2PeriphClockCmd)
    RCC_GetClocksFreq                        0x080005c1   Thumb Code   154  stm32f10x_rcc.o(i.RCC_GetClocksFreq)
    SysTick_CLKSourceConfig                  0x08000721   Thumb Code    28  misc.o(i.SysTick_CLKSourceConfig)
    SysTick_Handler                          0x0800073d   Thumb Code    38  port.o(i.SysTick_Handler)
    SystemInit                               0x08000769   Thumb Code    64  system_stm32f10x.o(i.SystemInit)
    USART1_IRQHandler                        0x080007b9   Thumb Code   122  serial.o(i.USART1_IRQHandler)
    USART_ClockInit                          0x08000841   Thumb Code    30  stm32f10x_usart.o(i.USART_ClockInit)
    USART_Cmd                                0x0800085f   Thumb Code    24  stm32f10x_usart.o(i.USART_Cmd)
    USART_GetITStatus                        0x08000877   Thumb Code    64  stm32f10x_usart.o(i.USART_GetITStatus)
    USART_ITConfig                           0x080008b7   Thumb Code    54  stm32f10x_usart.o(i.USART_ITConfig)
    USART_Init                               0x080008ed   Thumb Code   182  stm32f10x_usart.o(i.USART_Init)
    USART_ReceiveData                        0x080009a9   Thumb Code     8  stm32f10x_usart.o(i.USART_ReceiveData)
    USART_SendData                           0x080009b1   Thumb Code     8  stm32f10x_usart.o(i.USART_SendData)
    UsageFault_Handler                       0x080009b9   Thumb Code     2  stm32f10x_it.o(i.UsageFault_Handler)
    __0sprintf$3                             0x080009bd   Thumb Code    34  printf3.o(i.__0sprintf$3)
    __1sprintf$3                             0x080009bd   Thumb Code     0  printf3.o(i.__0sprintf$3)
    __2sprintf                               0x080009bd   Thumb Code     0  printf3.o(i.__0sprintf$3)
    __scatterload_copy                       0x080009e5   Thumb Code    14  handlers.o(i.__scatterload_copy)
    __scatterload_null                       0x080009f3   Thumb Code     2  handlers.o(i.__scatterload_null)
    __scatterload_zeroinit                   0x080009f5   Thumb Code    14  handlers.o(i.__scatterload_zeroinit)
    delay_ms                                 0x08000bc9   Thumb Code    46  delay.o(i.delay_ms)
    eTaskGetState                            0x08000bfd   Thumb Code   104  tasks.o(i.eTaskGetState)
    main                                     0x08000c6d   Thumb Code    34  main.o(i.main)
    pvPortMalloc                             0x080014d9   Thumb Code   154  heap_4.o(i.pvPortMalloc)
    pvTaskIncrementMutexHeldCount            0x08001579   Thumb Code    20  tasks.o(i.pvTaskIncrementMutexHeldCount)
    pxPortInitialiseStack                    0x08001591   Thumb Code    24  port.o(i.pxPortInitialiseStack)
    uxListRemove                             0x080015ad   Thumb Code    38  list.o(i.uxListRemove)
    uxTaskGetNumberOfTasks                   0x080015d5   Thumb Code     6  tasks.o(i.uxTaskGetNumberOfTasks)
    uxTaskGetSystemState                     0x080015e1   Thumb Code   160  tasks.o(i.uxTaskGetSystemState)
    vListInitialise                          0x08001689   Thumb Code    22  list.o(i.vListInitialise)
    vListInitialiseItem                      0x0800169f   Thumb Code     6  list.o(i.vListInitialiseItem)
    vListInsert                              0x080016a5   Thumb Code    48  list.o(i.vListInsert)
    vPortEnterCritical                       0x080016d5   Thumb Code    24  port.o(i.vPortEnterCritical)
    vPortExitCritical                        0x080016f1   Thumb Code    18  port.o(i.vPortExitCritical)
    vPortFree                                0x08001709   Thumb Code    64  heap_4.o(i.vPortFree)
    vPortSetupTimerInterrupt                 0x0800174d   Thumb Code    20  port.o(i.vPortSetupTimerInterrupt)
    vRegisterSampleCLICommands               0x08001765   Thumb Code    28  sample-cli-commands.o(i.vRegisterSampleCLICommands)
    vSerialPutString                         0x08001785   Thumb Code    28  serial.o(i.vSerialPutString)
    vTaskGetInfo                             0x080017a1   Thumb Code   112  tasks.o(i.vTaskGetInfo)
    vTaskInternalSetTimeOutState             0x08001815   Thumb Code    12  tasks.o(i.vTaskInternalSetTimeOutState)
    vTaskList                                0x08001825   Thumb Code   152  tasks.o(i.vTaskList)
    vTaskMissedYield                         0x080018d1   Thumb Code     8  tasks.o(i.vTaskMissedYield)
    vTaskPlaceOnEventList                    0x080018dd   Thumb Code    26  tasks.o(i.vTaskPlaceOnEventList)
    vTaskPriorityDisinheritAfterTimeout      0x080018fd   Thumb Code   148  tasks.o(i.vTaskPriorityDisinheritAfterTimeout)
    vTaskStartScheduler                      0x08001999   Thumb Code    64  tasks.o(i.vTaskStartScheduler)
    vTaskSuspendAll                          0x080019e9   Thumb Code    10  tasks.o(i.vTaskSuspendAll)
    vTaskSwitchContext                       0x080019f9   Thumb Code    64  tasks.o(i.vTaskSwitchContext)
    vUARTCommandConsoleStart                 0x08001a41   Thumb Code    36  uartcommandconsole.o(i.vUARTCommandConsoleStart)
    xPortStartScheduler                      0x08001a71   Thumb Code    38  port.o(i.xPortStartScheduler)
    xQueueCreateMutex                        0x08001aa1   Thumb Code    24  queue.o(i.xQueueCreateMutex)
    xQueueGenericCreate                      0x08001ab9   Thumb Code    64  queue.o(i.xQueueGenericCreate)
    xQueueGenericReset                       0x08001af9   Thumb Code   142  queue.o(i.xQueueGenericReset)
    xQueueGenericSend                        0x08001b8d   Thumb Code   244  queue.o(i.xQueueGenericSend)
    xQueueGenericSendFromISR                 0x08001c85   Thumb Code   112  queue.o(i.xQueueGenericSendFromISR)
    xQueueReceive                            0x08001cf5   Thumb Code   236  queue.o(i.xQueueReceive)
    xQueueReceiveFromISR                     0x08001de5   Thumb Code   110  queue.o(i.xQueueReceiveFromISR)
    xQueueSemaphoreTake                      0x08001e55   Thumb Code   286  queue.o(i.xQueueSemaphoreTake)
    xSerialGetChar                           0x08001f79   Thumb Code    20  serial.o(i.xSerialGetChar)
    xSerialPortInitMinimal                   0x08001f91   Thumb Code   226  serial.o(i.xSerialPortInitMinimal)
    xSerialPutChar                           0x08002081   Thumb Code    40  serial.o(i.xSerialPutChar)
    xTaskCheckForTimeOut                     0x080020b1   Thumb Code    84  tasks.o(i.xTaskCheckForTimeOut)
    xTaskCreate                              0x08002109   Thumb Code   104  tasks.o(i.xTaskCreate)
    xTaskIncrementTick                       0x08002171   Thumb Code   274  tasks.o(i.xTaskIncrementTick)
    xTaskPriorityDisinherit                  0x0800228d   Thumb Code   132  tasks.o(i.xTaskPriorityDisinherit)
    xTaskPriorityInherit                     0x08002319   Thumb Code   172  tasks.o(i.xTaskPriorityInherit)
    xTaskRemoveFromEventList                 0x080023cd   Thumb Code   192  tasks.o(i.xTaskRemoveFromEventList)
    xTaskResumeAll                           0x08002495   Thumb Code   264  tasks.o(i.xTaskResumeAll)
    Region$$Table$$Base                      0x080028f0   Number         0  anon$$obj.o(Region$$Table)
    Region$$Table$$Limit                     0x08002910   Number         0  anon$$obj.o(Region$$Table)
    button_status                            0x20000014   Data           2  button.o(.data)
    pxCurrentTCB                             0x2000001c   Data           4  tasks.o(.data)
    uxTopUsedPriority                        0x2000004c   Data           4  tasks.o(.data)
    __initial_sp                             0x200045d8   Data           0  startup_stm32f10x_md.o(STACK)



==============================================================================

Memory Map of the image

  Image Entry point : 0x0800019d

  Load Region LR_1 (Base: 0x08000000, Size: 0x000029b8, Max: 0xffffffff, ABSOLUTE)

    Execution Region ER_RO (Exec base: 0x08000000, Load base: 0x08000000, Size: 0x00002910, Max: 0xffffffff, ABSOLUTE)

    Exec Addr    Load Addr    Size         Type   Attr      Idx    E Section Name        Object

    0x08000000   0x08000000   0x000000ec   Data   RO           19    RESET               startup_stm32f10x_md.o
    0x080000ec   0x080000ec   0x00000000   Code   RO         4677  * .ARM.Collect$$$$00000000  mc_w.l(entry.o)
    0x080000ec   0x080000ec   0x00000004   Code   RO         4957    .ARM.Collect$$$$00000001  mc_w.l(entry2.o)
    0x080000f0   0x080000f0   0x00000004   Code   RO         4960    .ARM.Collect$$$$00000004  mc_w.l(entry5.o)
    0x080000f4   0x080000f4   0x00000000   Code   RO         4962    .ARM.Collect$$$$00000008  mc_w.l(entry7b.o)
    0x080000f4   0x080000f4   0x00000000   Code   RO         4964    .ARM.Collect$$$$0000000A  mc_w.l(entry8b.o)
    0x080000f4   0x080000f4   0x00000008   Code   RO         4965    .ARM.Collect$$$$0000000B  mc_w.l(entry9a.o)
    0x080000fc   0x080000fc   0x00000004   Code   RO         4972    .ARM.Collect$$$$0000000E  mc_w.l(entry12b.o)
    0x08000100   0x08000100   0x00000000   Code   RO         4967    .ARM.Collect$$$$0000000F  mc_w.l(entry10a.o)
    0x08000100   0x08000100   0x00000000   Code   RO         4969    .ARM.Collect$$$$00000011  mc_w.l(entry11a.o)
    0x08000100   0x08000100   0x00000004   Code   RO         4958    .ARM.Collect$$$$00002712  mc_w.l(entry2.o)
    0x08000104   0x08000104   0x00000096   Code   RO         4434    .emb_text           port.o
    0x0800019a   0x0800019a   0x00000002   PAD
    0x0800019c   0x0800019c   0x00000024   Code   RO           20  * .text               startup_stm32f10x_md.o
    0x080001c0   0x080001c0   0x00000024   Code   RO         4680    .text               mc_w.l(memcpya.o)
    0x080001e4   0x080001e4   0x00000024   Code   RO         4682    .text               mc_w.l(memseta.o)
    0x08000208   0x08000208   0x00000018   Code   RO         4684    .text               mc_w.l(strncpy.o)
    0x08000220   0x08000220   0x0000000e   Code   RO         4686    .text               mc_w.l(strlen.o)
    0x0800022e   0x0800022e   0x00000028   Code   RO         4688    .text               mc_w.l(strncat.o)
    0x08000256   0x08000256   0x00000012   Code   RO         4690    .text               mc_w.l(strcpy.o)
    0x08000268   0x08000268   0x0000001e   Code   RO         4692    .text               mc_w.l(strncmp.o)
    0x08000286   0x08000286   0x0000002c   Code   RO         4976    .text               mc_w.l(uidiv.o)
    0x080002b2   0x080002b2   0x00000002   PAD
    0x080002b4   0x080002b4   0x00000024   Code   RO         4991    .text               mc_w.l(init.o)
    0x080002d8   0x080002d8   0x00000002   Code   RO         3456    i.BusFault_Handler  stm32f10x_it.o
    0x080002da   0x080002da   0x00000002   Code   RO         3457    i.DebugMon_Handler  stm32f10x_it.o
    0x080002dc   0x080002dc   0x00000030   Code   RO         3109    i.EXTI15_10_IRQHandler  button.o
    0x0800030c   0x0800030c   0x0000000c   Code   RO          939    i.EXTI_ClearITPendingBit  stm32f10x_exti.o
    0x08000318   0x08000318   0x00000020   Code   RO          943    i.EXTI_GetITStatus  stm32f10x_exti.o
    0x08000338   0x08000338   0x00000008   Code   RO         4505    i.FreeRTOS_CLIGetOutputBuffer  freertos_cli.o
    0x08000340   0x08000340   0x00000050   Code   RO         4506    i.FreeRTOS_CLIGetParameter  freertos_cli.o
    0x08000390   0x08000390   0x000000c0   Code   RO         4507    i.FreeRTOS_CLIProcessCommand  freertos_cli.o
    0x08000450   0x08000450   0x00000030   Code   RO         4508    i.FreeRTOS_CLIRegisterCommand  freertos_cli.o
    0x08000480   0x08000480   0x000000a6   Code   RO         1292    i.GPIO_Init         stm32f10x_gpio.o
    0x08000526   0x08000526   0x00000002   Code   RO         3458    i.HardFault_Handler  stm32f10x_it.o
    0x08000528   0x08000528   0x00000002   Code   RO         3459    i.MemManage_Handler  stm32f10x_it.o
    0x0800052a   0x0800052a   0x00000002   Code   RO         3460    i.NMI_Handler       stm32f10x_it.o
    0x0800052c   0x0800052c   0x00000064   Code   RO          137    i.NVIC_Init         misc.o
    0x08000590   0x08000590   0x00000014   Code   RO          138    i.NVIC_PriorityGroupConfig  misc.o
    0x080005a4   0x080005a4   0x0000001c   Code   RO         1710    i.RCC_APB2PeriphClockCmd  stm32f10x_rcc.o
    0x080005c0   0x080005c0   0x000000ac   Code   RO         1718    i.RCC_GetClocksFreq  stm32f10x_rcc.o
    0x0800066c   0x0800066c   0x00000004   Code   RO           24    i.SetSysClock       system_stm32f10x.o
    0x08000670   0x08000670   0x000000b0   Code   RO           25    i.SetSysClockTo72   system_stm32f10x.o
    0x08000720   0x08000720   0x0000001c   Code   RO          141    i.SysTick_CLKSourceConfig  misc.o
    0x0800073c   0x0800073c   0x0000002c   Code   RO         4435    i.SysTick_Handler   port.o
    0x08000768   0x08000768   0x00000050   Code   RO           27    i.SystemInit        system_stm32f10x.o
    0x080007b8   0x080007b8   0x00000088   Code   RO         4601    i.USART1_IRQHandler  serial.o
    0x08000840   0x08000840   0x0000001e   Code   RO         2876    i.USART_ClockInit   stm32f10x_usart.o
    0x0800085e   0x0800085e   0x00000018   Code   RO         2878    i.USART_Cmd         stm32f10x_usart.o
    0x08000876   0x08000876   0x00000040   Code   RO         2882    i.USART_GetITStatus  stm32f10x_usart.o
    0x080008b6   0x080008b6   0x00000036   Code   RO         2884    i.USART_ITConfig    stm32f10x_usart.o
    0x080008ec   0x080008ec   0x000000bc   Code   RO         2885    i.USART_Init        stm32f10x_usart.o
    0x080009a8   0x080009a8   0x00000008   Code   RO         2892    i.USART_ReceiveData  stm32f10x_usart.o
    0x080009b0   0x080009b0   0x00000008   Code   RO         2895    i.USART_SendData    stm32f10x_usart.o
    0x080009b8   0x080009b8   0x00000002   Code   RO         3461    i.UsageFault_Handler  stm32f10x_it.o
    0x080009ba   0x080009ba   0x00000002   PAD
    0x080009bc   0x080009bc   0x00000028   Code   RO         4787    i.__0sprintf$3      mc_w.l(printf3.o)
    0x080009e4   0x080009e4   0x0000000e   Code   RO         5005    i.__scatterload_copy  mc_w.l(handlers.o)
    0x080009f2   0x080009f2   0x00000002   Code   RO         5006    i.__scatterload_null  mc_w.l(handlers.o)
    0x080009f4   0x080009f4   0x0000000e   Code   RO         5007    i.__scatterload_zeroinit  mc_w.l(handlers.o)
    0x08000a02   0x08000a02   0x00000002   PAD
    0x08000a04   0x08000a04   0x000001b8   Code   RO         4792    i._printf_core      mc_w.l(printf3.o)
    0x08000bbc   0x08000bbc   0x0000000a   Code   RO         4794    i._sputc            mc_w.l(printf3.o)
    0x08000bc6   0x08000bc6   0x00000002   PAD
    0x08000bc8   0x08000bc8   0x00000034   Code   RO         3293    i.delay_ms          delay.o
    0x08000bfc   0x08000bfc   0x00000070   Code   RO         3990    i.eTaskGetState     tasks.o
    0x08000c6c   0x08000c6c   0x00000022   Code   RO         3370    i.main              main.o
    0x08000c8e   0x08000c8e   0x00000002   PAD
    0x08000c90   0x08000c90   0x0000008c   Code   RO         3992    i.prvAddCurrentTaskToDelayedList  tasks.o
    0x08000d1c   0x08000d1c   0x000000ac   Code   RO         3993    i.prvAddNewTaskToReadyList  tasks.o
    0x08000dc8   0x08000dc8   0x0000003c   Code   RO         3994    i.prvCheckTasksWaitingTermination  tasks.o
    0x08000e04   0x08000e04   0x00000028   Code   RO         3659    i.prvCopyDataFromQueue  queue.o
    0x08000e2c   0x08000e2c   0x0000006e   Code   RO         3660    i.prvCopyDataToQueue  queue.o
    0x08000e9a   0x08000e9a   0x00000014   Code   RO         3995    i.prvDeleteTCB      tasks.o
    0x08000eae   0x08000eae   0x00000014   Code   RO         3661    i.prvGetDisinheritPriorityAfterTimeout  queue.o
    0x08000ec2   0x08000ec2   0x0000002c   Code   RO         4509    i.prvGetNumberOfParameters  freertos_cli.o
    0x08000eee   0x08000eee   0x00000002   PAD
    0x08000ef0   0x08000ef0   0x00000048   Code   RO         4373    i.prvHeapInit       heap_4.o
    0x08000f38   0x08000f38   0x00000030   Code   RO         4510    i.prvHelpCommand    freertos_cli.o
    0x08000f68   0x08000f68   0x00000028   Code   RO         3996    i.prvIdleTask       tasks.o
    0x08000f90   0x08000f90   0x00000018   Code   RO         3662    i.prvInitialiseMutex  queue.o
    0x08000fa8   0x08000fa8   0x00000022   Code   RO         3663    i.prvInitialiseNewQueue  queue.o
    0x08000fca   0x08000fca   0x00000080   Code   RO         3997    i.prvInitialiseNewTask  tasks.o
    0x0800104a   0x0800104a   0x00000002   PAD
    0x0800104c   0x0800104c   0x00000058   Code   RO         3998    i.prvInitialiseTaskLists  tasks.o
    0x080010a4   0x080010a4   0x00000054   Code   RO         4374    i.prvInsertBlockIntoFreeList  heap_4.o
    0x080010f8   0x080010f8   0x0000001a   Code   RO         3664    i.prvIsQueueEmpty   queue.o
    0x08001112   0x08001112   0x0000001e   Code   RO         3665    i.prvIsQueueFull    queue.o
    0x08001130   0x08001130   0x0000005c   Code   RO         3999    i.prvListTasksWithinSingleList  tasks.o
    0x0800118c   0x0800118c   0x0000008c   Code   RO         4557    i.prvParameterEchoCommand  sample-cli-commands.o
    0x08001218   0x08001218   0x00000020   Code   RO         4000    i.prvResetNextTaskUnblockTime  tasks.o
    0x08001238   0x08001238   0x00000014   Code   RO         4001    i.prvTaskCheckFreeStackSpace  tasks.o
    0x0800124c   0x0800124c   0x00000010   Code   RO         4436    i.prvTaskExitError  port.o
    0x0800125c   0x0800125c   0x0000004c   Code   RO         4558    i.prvTaskStatsCommand  sample-cli-commands.o
    0x080012a8   0x080012a8   0x00000094   Code   RO         4559    i.prvThreeParameterEchoCommand  sample-cli-commands.o
    0x0800133c   0x0800133c   0x0000010c   Code   RO         4645    i.prvUARTCommandConsoleTask  uartcommandconsole.o
    0x08001448   0x08001448   0x0000006a   Code   RO         3666    i.prvUnlockQueue    queue.o
    0x080014b2   0x080014b2   0x00000024   Code   RO         4003    i.prvWriteNameToBuffer  tasks.o
    0x080014d6   0x080014d6   0x00000002   PAD
    0x080014d8   0x080014d8   0x000000a0   Code   RO         4376    i.pvPortMalloc      heap_4.o
    0x08001578   0x08001578   0x00000018   Code   RO         4004    i.pvTaskIncrementMutexHeldCount  tasks.o
    0x08001590   0x08001590   0x0000001c   Code   RO         4437    i.pxPortInitialiseStack  port.o
    0x080015ac   0x080015ac   0x00000026   Code   RO         3620    i.uxListRemove      list.o
    0x080015d2   0x080015d2   0x00000002   PAD
    0x080015d4   0x080015d4   0x0000000c   Code   RO         4007    i.uxTaskGetNumberOfTasks  tasks.o
    0x080015e0   0x080015e0   0x000000a8   Code   RO         4008    i.uxTaskGetSystemState  tasks.o
    0x08001688   0x08001688   0x00000016   Code   RO         3621    i.vListInitialise   list.o
    0x0800169e   0x0800169e   0x00000006   Code   RO         3622    i.vListInitialiseItem  list.o
    0x080016a4   0x080016a4   0x00000030   Code   RO         3623    i.vListInsert       list.o
    0x080016d4   0x080016d4   0x0000001c   Code   RO         4439    i.vPortEnterCritical  port.o
    0x080016f0   0x080016f0   0x00000018   Code   RO         4440    i.vPortExitCritical  port.o
    0x08001708   0x08001708   0x00000044   Code   RO         4377    i.vPortFree         heap_4.o
    0x0800174c   0x0800174c   0x00000018   Code   RO         4441    i.vPortSetupTimerInterrupt  port.o
    0x08001764   0x08001764   0x00000020   Code   RO         4560    i.vRegisterSampleCLICommands  sample-cli-commands.o
    0x08001784   0x08001784   0x0000001c   Code   RO         4603    i.vSerialPutString  serial.o
    0x080017a0   0x080017a0   0x00000074   Code   RO         4017    i.vTaskGetInfo      tasks.o
    0x08001814   0x08001814   0x00000010   Code   RO         4018    i.vTaskInternalSetTimeOutState  tasks.o
    0x08001824   0x08001824   0x000000ac   Code   RO         4019    i.vTaskList         tasks.o
    0x080018d0   0x080018d0   0x0000000c   Code   RO         4020    i.vTaskMissedYield  tasks.o
    0x080018dc   0x080018dc   0x00000020   Code   RO         4021    i.vTaskPlaceOnEventList  tasks.o
    0x080018fc   0x080018fc   0x0000009c   Code   RO         4023    i.vTaskPriorityDisinheritAfterTimeout  tasks.o
    0x08001998   0x08001998   0x00000050   Code   RO         4029    i.vTaskStartScheduler  tasks.o
    0x080019e8   0x080019e8   0x00000010   Code   RO         4031    i.vTaskSuspendAll   tasks.o
    0x080019f8   0x080019f8   0x00000048   Code   RO         4032    i.vTaskSwitchContext  tasks.o
    0x08001a40   0x08001a40   0x00000030   Code   RO         4647    i.vUARTCommandConsoleStart  uartcommandconsole.o
    0x08001a70   0x08001a70   0x00000030   Code   RO         4442    i.xPortStartScheduler  port.o
    0x08001aa0   0x08001aa0   0x00000018   Code   RO         3674    i.xQueueCreateMutex  queue.o
    0x08001ab8   0x08001ab8   0x00000040   Code   RO         3675    i.xQueueGenericCreate  queue.o
    0x08001af8   0x08001af8   0x00000094   Code   RO         3676    i.xQueueGenericReset  queue.o
    0x08001b8c   0x08001b8c   0x000000f8   Code   RO         3677    i.xQueueGenericSend  queue.o
    0x08001c84   0x08001c84   0x00000070   Code   RO         3678    i.xQueueGenericSendFromISR  queue.o
    0x08001cf4   0x08001cf4   0x000000f0   Code   RO         3684    i.xQueueReceive     queue.o
    0x08001de4   0x08001de4   0x0000006e   Code   RO         3685    i.xQueueReceiveFromISR  queue.o
    0x08001e52   0x08001e52   0x00000002   PAD
    0x08001e54   0x08001e54   0x00000124   Code   RO         3686    i.xQueueSemaphoreTake  queue.o
    0x08001f78   0x08001f78   0x00000018   Code   RO         4604    i.xSerialGetChar    serial.o
    0x08001f90   0x08001f90   0x000000f0   Code   RO         4605    i.xSerialPortInitMinimal  serial.o
    0x08002080   0x08002080   0x00000030   Code   RO         4606    i.xSerialPutChar    serial.o
    0x080020b0   0x080020b0   0x00000058   Code   RO         4034    i.xTaskCheckForTimeOut  tasks.o
    0x08002108   0x08002108   0x00000068   Code   RO         4035    i.xTaskCreate       tasks.o
    0x08002170   0x08002170   0x0000011c   Code   RO         4044    i.xTaskIncrementTick  tasks.o
    0x0800228c   0x0800228c   0x0000008c   Code   RO         4045    i.xTaskPriorityDisinherit  tasks.o
    0x08002318   0x08002318   0x000000b4   Code   RO         4046    i.xTaskPriorityInherit  tasks.o
    0x080023cc   0x080023cc   0x000000c8   Code   RO         4047    i.xTaskRemoveFromEventList  tasks.o
    0x08002494   0x08002494   0x00000114   Code   RO         4048    i.xTaskResumeAll    tasks.o
    0x080025a8   0x080025a8   0x00000010   Data   RO         4512    .constdata          freertos_cli.o
    0x080025b8   0x080025b8   0x00000030   Data   RO         4561    .constdata          sample-cli-commands.o
    0x080025e8   0x080025e8   0x0000000c   Data   RO         4649    .constdata          uartcommandconsole.o
    0x080025f4   0x080025f4   0x00000035   Data   RO         4513    .conststring        freertos_cli.o
    0x08002629   0x08002629   0x00000003   PAD
    0x0800262c   0x0800262c   0x000000a8   Data   RO         4514    .conststring        freertos_cli.o
    0x080026d4   0x080026d4   0x0000018b   Data   RO         4562    .conststring        sample-cli-commands.o
    0x0800285f   0x0800285f   0x00000001   PAD
    0x08002860   0x08002860   0x0000008d   Data   RO         4650    .conststring        uartcommandconsole.o
    0x080028ed   0x080028ed   0x00000003   PAD
    0x080028f0   0x080028f0   0x00000020   Data   RO         5003    Region$$Table       anon$$obj.o


    Execution Region ER_RW (Exec base: 0x20000000, Load base: 0x08002910, Size: 0x000000a8, Max: 0xffffffff, ABSOLUTE)

    Exec Addr    Load Addr    Size         Type   Attr      Idx    E Section Name        Object

    0x20000000   0x08002910   0x00000014   Data   RW         1738    .data               stm32f10x_rcc.o
    0x20000014   0x08002924   0x00000002   Data   RW         3111    .data               button.o
    0x20000016   0x08002926   0x00000004   Data   RW         3296    .data               delay.o
    0x2000001a   0x0800292a   0x00000002   PAD
    0x2000001c   0x0800292c   0x00000040   Data   RW         4051    .data               tasks.o
    0x2000005c   0x0800296c   0x0000001c   Data   RW         4383    .data               heap_4.o
    0x20000078   0x08002988   0x00000004   Data   RW         4443    .data               port.o
    0x2000007c   0x0800298c   0x00000014   Data   RW         4515    .data               freertos_cli.o
    0x20000090   0x080029a0   0x00000008   Data   RW         4563    .data               sample-cli-commands.o
    0x20000098   0x080029a8   0x00000008   Data   RW         4607    .data               serial.o
    0x200000a0   0x080029b0   0x00000008   Data   RW         4651    .data               uartcommandconsole.o


    Execution Region ER_ZI (Exec base: 0x200000a8, Load base: 0x080029b8, Size: 0x00004530, Max: 0xffffffff, ABSOLUTE)

    Exec Addr    Load Addr    Size         Type   Attr      Idx    E Section Name        Object

    0x200000a8        -       0x000000c8   Zero   RW         4050    .bss                tasks.o
    0x20000170        -       0x00003c00   Zero   RW         4382    .bss                heap_4.o
    0x20003d70        -       0x00000400   Zero   RW         4511    .bss                freertos_cli.o
    0x20004170        -       0x00000064   Zero   RW         4648    .bss                uartcommandconsole.o
    0x200041d4   0x080029b8   0x00000004   PAD
    0x200041d8        -       0x00000400   Zero   RW           17    STACK               startup_stm32f10x_md.o


==============================================================================

Image component sizes


      Code (inc. data)   RO Data    RW Data    ZI Data      Debug   Object Name

        48          4          0          2          0        687   button.o
         0          0          0          0          0       4556   core_cm3.o
         0          0          0          0          0        540   croutine.o
        52          6          0          4          0        659   delay.o
         0          0          0          0          0      13000   event_groups.o
       420         26        237         20       1024       5968   freertos_cli.o
       384         26          0         28      15360       4719   heap_4.o
       114          0          0          0          0       2613   list.o
        34          0          0          0          0      13363   main.o
       148         14          0          0          0       2065   misc.o
         0          0          0          0          0       1448   oled.o
       362         46          0          4          0       8832   port.o
      1628         20          0          0          0      17563   queue.o
       396        108        443          8          0       4541   sample-cli-commands.o
       476         40          0          8          0       3602   serial.o
        36          8        236          0       1024        768   startup_stm32f10x_md.o
        44         10          0          0          0       1088   stm32f10x_exti.o
       166          0          0          0          0       2060   stm32f10x_gpio.o
        12          0          0          0          0       2305   stm32f10x_it.o
       200         24          0         20          0       3977   stm32f10x_rcc.o
       376          6          0          0          0       6265   stm32f10x_usart.o
         0          0          0          0          0        408   stream_buffer.o
       260         26          0          0          0     229749   system_stm32f10x.o
      3088        214          0         64        200      37220   tasks.o
       316         26        153          8        100       1779   uartcommandconsole.o

    ----------------------------------------------------------------------
      8576        604       1108        168      17712     369775   Object Totals
         0          0         32          0          0          0   (incl. Generated)
        16          0          7          2          4          0   (incl. Padding)

    ----------------------------------------------------------------------

      Code (inc. data)   RO Data    RW Data    ZI Data      Debug   Library Member Name

         0          0          0          0          0          0   entry.o
         0          0          0          0          0          0   entry10a.o
         0          0          0          0          0          0   entry11a.o
         4          0          0          0          0          0   entry12b.o
         8          4          0          0          0          0   entry2.o
         4          0          0          0          0          0   entry5.o
         0          0          0          0          0          0   entry7b.o
         0          0          0          0          0          0   entry8b.o
         8          4          0          0          0          0   entry9a.o
        30          0          0          0          0          0   handlers.o
        36          8          0          0          0         68   init.o
        36          0          0          0          0         68   memcpya.o
        36          0          0          0          0        108   memseta.o
       490         10          0          0          0        252   printf3.o
        18          0          0          0          0         68   strcpy.o
        14          0          0          0          0         68   strlen.o
        40          0          0          0          0         76   strncat.o
        30          0          0          0          0         80   strncmp.o
        24          0          0          0          0         76   strncpy.o
        44          0          0          0          0         80   uidiv.o

    ----------------------------------------------------------------------
       828         26          0          0          0        944   Library Totals
         6          0          0          0          0          0   (incl. Padding)

    ----------------------------------------------------------------------

      Code (inc. data)   RO Data    RW Data    ZI Data      Debug   Library Name

       822         26          0          0          0        944   mc_w.l

    ----------------------------------------------------------------------
       828         26          0          0          0        944   Library Totals

    ----------------------------------------------------------------------

==============================================================================


      Code (inc. data)   RO Data    RW Data    ZI Data      Debug   

      9404        630       1108        168      17712     365099   Grand Totals
      9404        630       1108        168      17712     365099   ELF Image Totals
      9404        630       1108        168          0          0   ROM Totals

==============================================================================

    Total RO  Size (Code + RO Data)                10512 (  10.27kB)
    Total RW  Size (RW Data + ZI Data)             17880 (  17.46kB)
    Total ROM Size (Code + RO Data + RW Data)      10680 (  10.43kB)

==============================================================================

